{
  "command": {
    "actor": "krill",
    "time": "2020-04-30T14:34:56.109283Z",
    "handle": "ta",
    "version": 13,
    "sequence": 9,
    "details": {
      "type": "child_certify",
      "child": "child",
      "resource_class_name": "0",
      "limit": {
        "asn": "none",
        "v4": "none",
        "v6": "none"
      },
      "ki": "C4CF00E42E046EBE5275589D3462F1B1F43FBA85"
    },
    "effect": {
      "result": "success",
      "events": [
        11,
        12
      ]
    }
  },
  "result": {
    "Events": [
      {
        "id": "ta",
        "version": 11,
        "details": {
          "type": "child_certificate_issued",
          "child": "child",
          "resource_class_name": "0",
          "ki": "C4CF00E42E046EBE5275589D3462F1B1F43FBA85"
        }
      },
      {
        "id": "ta",
        "version": 12,
        "details": {
          "type": "child_certificates_updated",
          "resource_class_name": "0",
          "updates": {
            "issued": [
              {
                "uri": "rsync://localhost/repo/ta/0/C4CF00E42E046EBE5275589D3462F1B1F43FBA85.cer",
                "limit": {
                  "asn": "none",
                  "v4": "none",
                  "v6": "none"
                },
                "resource_set": {
                  "asn": "",
                  "v4": "10.0.0.0/24",
                  "v6": ""
                },
                "cert": "MIIHAzCCBeugAwIBAgIUWDYoCORcW2cRqSoLuCkt1hlQv6YwDQYJKoZIhvcNAQELBQAwggItMYICKTCCAiUGA1UEAxOCAhwzMDgyMDEwQTAyODIwMTAxMDBERjI0MzU0OTYyODI5MDRBMjg1ODNGRTg2NjQwMDY3RkEwREU0NDFDM0ZDRkE2RUI3OTFEQzVBQzlGRTlBOTBGMDFBNjMyRDE0OEMyMjJBMDBDQTJEN0MyRjU1Q0IyQjIxQjRERjdDQkU3RjA3MDU0QTk4OTZFRjdGNzE0QTcxRjZBNjc3ODY4QkUwNTRBQkUzNUY0Q0E1NTc1NTM3QzU4QzQ0MERDRDA5N0ZCODRGRTY3NEVDREE5RTYxMTkyOTkzQ0IwNTQ4OEI0RDY0MUMyMDFEQjM3RjFFQjE1QzIyMEMwQkRDRTZFQ0IyN0YzRUMyODRCMDIwOTEyRDM0MDVCNTRDMjYyNkE4NzVFOEZDRjk4ODNERTZCNzEyMTU1REE1NDY2RkQ1NTcyMzE3NkRBQzQwNDA4QTI2RTNFMjRBM0EwMDY1QThBMjk2MDg0MTgxMDlFRDMzMUI0QjM4NzJBMkZEOTI2MkRGODc2ODA1RTZGRjcwRTI4RkM1MDFGMjJENURENjgwOUQ4OTI5MjM0RTQzNkI4QUUxRjcwNTMwRTI3NjBGRjNCRkNBOTQ4RjNDRTlFNkJBN0ExRUJBQUFFNTI2M0Q0Q0U5QUExMDU5M0E0REUzN0RBQzE0ODdFRUU0NkE2Q0JCNkQ4NDAyRjhERTIxQUVCRjU1RjMxODkxNzAyMDMwMTAwMDEwHhcNMjAwNDMwMTQyOTU2WhcNMjEwNDMwMTQzNDU2WjAzMTEwLwYDVQQDEyhDNENGMDBFNDJFMDQ2RUJFNTI3NTU4OUQzNDYyRjFCMUY0M0ZCQTg1MIIBIjANBgkqhkiG9w0BAQEFAAOCAQ8AMIIBCgKCAQEA3L74WU+YUCEP5QwcGuHXEWbGCKafQ8bKsyHcoS57n1iGilV8J/D3iNQYDB0EY/AWT3rAr4hqpdBAj986o3r0wyfQunQPxqCkWpEs/Qxk5TXi90aWukCxgz5gT3mbclXmaAEuNiGceZrO92reaMNC7eXQ+s2hYHEnMlMmqVBKod9wB6FKwwloQbJHqgtYsKUlH2fjLoHWkJSxtOwZE6ILS43xkn7H/0srfh+1RQoJXX4UxwATZphQUjYYyUBtQf+Fc0UuE3kdAIxHw0qNDNsP3geIqh5lSW5jkplGTe08icw0PGmq5x0Amju8MQmW4VelP1JZT1WwhPh5oJh01leQWQIDAQABo4ICETCCAg0wDwYDVR0TAQH/BAUwAwEB/zAdBgNVHQ4EFgQUxM8A5C4Ebr5SdVidNGLxsfQ/uoUwHwYDVR0jBBgwFoAUPhNY2rYkJaxTFVTPQ6+EIJeblHYwDgYDVR0PAQH/BAQDAgEGMFkGA1UdHwRSMFAwTqBMoEqGSHJzeW5jOi8vbG9jYWxob3N0L3JlcG8vdGEvMC8zRTEzNThEQUI2MjQyNUFDNTMxNTU0Q0Y0M0FGODQyMDk3OUI5NDc2LmNybDA8BggrBgEFBQcBAQQwMC4wLAYIKwYBBQUHMAKGIHJzeW5jOi8vbG9jYWxob3N0L3JlcG8vdGEvdGEuY2VyMIHVBggrBgEFBQcBCwSByDCBxTArBggrBgEFBQcwBYYfcnN5bmM6Ly9sb2NhbGhvc3QvcmVwby9jaGlsZC8wLzBXBggrBgEFBQcwCoZLcnN5bmM6Ly9sb2NhbGhvc3QvcmVwby9jaGlsZC8wL0M0Q0YwMEU0MkUwNDZFQkU1Mjc1NTg5RDM0NjJGMUIxRjQzRkJBODUubWZ0MD0GCCsGAQUFBzANhjFodHRwczovL2xvY2FsaG9zdDozMDAwL3Rlc3QtcnJkcC9ub3RpZmljYXRpb24ueG1sMBgGA1UdIAEB/wQOMAwwCgYIKwYBBQUHDgIwHwYIKwYBBQUHAQcBAf8EEDAOMAwEAgABMAYDBAAKAAAwDQYJKoZIhvcNAQELBQADggEBAGDmnzP5S2dUV2D27BDk3kq5hKEp4AeM86+WUrvyaGPCkzYIKN0RiMXFnCNhC8C/hIR+5fM5NpkLFU8SmZHFuSMEcbWI++sAorjJBFeHjEs7I0I7fVIXEr4+tdlLFeFWU+MVMvBqk87D7q2NpOJTRPJoZdZ07YOSaiue+vb+LxIXTL7p5BRAExmUO8en9W0LSW5pS0cUS2YQhKevjGVQHkzuUo93n46S+nQ2/+jcJERCCrJ2akBtqvkySPLqyVBiMGNbcjEAqOG/GbXL79urUahvtbFmgRfZwtOXFge2t+DmyqFxJmWB7fy8lwOgjojV+VPFtkOHYTU1njqtWTqIsiA=",
                "replaces": {
                  "revocation": {
                    "serial": "247196432361841211297007607219470692138597622956",
                    "expires": "2021-04-30T14:34:55Z"
                  },
                  "hash": "8ee647ad25576f1e4322cb610ffcd4c533534fdfc1251bc6626d666426d4a117"
                }
              }
            ],
            "removed": []
          }
        }
      }
    ]
  }
}