{
  "command": {
    "actor": "krill",
    "time": "2020-04-30T14:34:52.774458Z",
    "handle": "ta",
    "version": 3,
    "sequence": 2,
    "details": {
      "type": "make_trust_anchor"
    },
    "effect": {
      "result": "success",
      "events": [
        2
      ]
    }
  },
  "result": {
    "Events": [
      {
        "id": "ta",
        "version": 2,
        "details": {
          "type": "trust_anchor_made",
          "ta_cert_details": {
            "cert": "MIIIazCCB1OgAwIBAgIUS/19c0phdCxePS2G1PVXZOhX6MwwDQYJKoZIhvcNAQELBQAwggItMYICKTCCAiUGA1UEAxOCAhwzMDgyMDEwQTAyODIwMTAxMDBERjI0MzU0OTYyODI5MDRBMjg1ODNGRTg2NjQwMDY3RkEwREU0NDFDM0ZDRkE2RUI3OTFEQzVBQzlGRTlBOTBGMDFBNjMyRDE0OEMyMjJBMDBDQTJEN0MyRjU1Q0IyQjIxQjRERjdDQkU3RjA3MDU0QTk4OTZFRjdGNzE0QTcxRjZBNjc3ODY4QkUwNTRBQkUzNUY0Q0E1NTc1NTM3QzU4QzQ0MERDRDA5N0ZCODRGRTY3NEVDREE5RTYxMTkyOTkzQ0IwNTQ4OEI0RDY0MUMyMDFEQjM3RjFFQjE1QzIyMEMwQkRDRTZFQ0IyN0YzRUMyODRCMDIwOTEyRDM0MDVCNTRDMjYyNkE4NzVFOEZDRjk4ODNERTZCNzEyMTU1REE1NDY2RkQ1NTcyMzE3NkRBQzQwNDA4QTI2RTNFMjRBM0EwMDY1QThBMjk2MDg0MTgxMDlFRDMzMUI0QjM4NzJBMkZEOTI2MkRGODc2ODA1RTZGRjcwRTI4RkM1MDFGMjJENURENjgwOUQ4OTI5MjM0RTQzNkI4QUUxRjcwNTMwRTI3NjBGRjNCRkNBOTQ4RjNDRTlFNkJBN0ExRUJBQUFFNTI2M0Q0Q0U5QUExMDU5M0E0REUzN0RBQzE0ODdFRUU0NkE2Q0JCNkQ4NDAyRjhERTIxQUVCRjU1RjMxODkxNzAyMDMwMTAwMDEwIBcNMjAwNDMwMTQyOTUyWhgPMjEyMDA0MzAxNDM0NTJaMIICLTGCAikwggIlBgNVBAMTggIcMzA4MjAxMEEwMjgyMDEwMTAwREYyNDM1NDk2MjgyOTA0QTI4NTgzRkU4NjY0MDA2N0ZBMERFNDQxQzNGQ0ZBNkVCNzkxREM1QUM5RkU5QTkwRjAxQTYzMkQxNDhDMjIyQTAwQ0EyRDdDMkY1NUNCMkIyMUI0REY3Q0JFN0YwNzA1NEE5ODk2RUY3RjcxNEE3MUY2QTY3Nzg2OEJFMDU0QUJFMzVGNENBNTU3NTUzN0M1OEM0NDBEQ0QwOTdGQjg0RkU2NzRFQ0RBOUU2MTE5Mjk5M0NCMDU0ODhCNEQ2NDFDMjAxREIzN0YxRUIxNUMyMjBDMEJEQ0U2RUNCMjdGM0VDMjg0QjAyMDkxMkQzNDA1QjU0QzI2MjZBODc1RThGQ0Y5ODgzREU2QjcxMjE1NURBNTQ2NkZENTU3MjMxNzZEQUM0MDQwOEEyNkUzRTI0QTNBMDA2NUE4QTI5NjA4NDE4MTA5RUQzMzFCNEIzODcyQTJGRDkyNjJERjg3NjgwNUU2RkY3MEUyOEZDNTAxRjIyRDVERDY4MDlEODkyOTIzNEU0MzZCOEFFMUY3MDUzMEUyNzYwRkYzQkZDQTk0OEYzQ0U5RTZCQTdBMUVCQUFBRTUyNjNENENFOUFBMTA1OTNBNERFMzdEQUMxNDg3RUVFNDZBNkNCQjZEODQwMkY4REUyMUFFQkY1NUYzMTg5MTcwMjAzMDEwMDAxMIIBIjANBgkqhkiG9w0BAQEFAAOCAQ8AMIIBCgKCAQEA3yQ1SWKCkEooWD/oZkAGf6DeRBw/z6breR3FrJ/pqQ8BpjLRSMIioAyi18L1XLKyG033y+fwcFSpiW739xSnH2pneGi+BUq+NfTKVXVTfFjEQNzQl/uE/mdOzanmEZKZPLBUiLTWQcIB2zfx6xXCIMC9zm7LJ/PsKEsCCRLTQFtUwmJqh16Pz5iD3mtxIVXaVGb9VXIxdtrEBAiibj4ko6AGWoopYIQYEJ7TMbSzhyov2SYt+HaAXm/3Dij8UB8i1d1oCdiSkjTkNriuH3BTDidg/zv8qUjzzp5rp6Hrqq5SY9TOmqEFk6TeN9rBSH7uRqbLtthAL43iGuv1XzGJFwIDAQABo4IBezCCAXcwDwYDVR0TAQH/BAUwAwEB/zAdBgNVHQ4EFgQUPhNY2rYkJaxTFVTPQ6+EIJeblHYwDgYDVR0PAQH/BAQDAgEGMIHOBggrBgEFBQcBCwSBwTCBvjAnBggrBgEFBQcwBYYbcnN5bmM6Ly9sb2NhbGhvc3QvcmVwby90YS8wMFQGCCsGAQUFBzAKhkhyc3luYzovL2xvY2FsaG9zdC9yZXBvL3RhLzAvM0UxMzU4REFCNjI0MjVBQzUzMTU1NENGNDNBRjg0MjA5NzlCOTQ3Ni5tZnQwPQYIKwYBBQUHMA2GMWh0dHBzOi8vbG9jYWxob3N0OjMwMDAvdGVzdC1ycmRwL25vdGlmaWNhdGlvbi54bWwwGAYDVR0gAQH/BA4wDDAKBggrBgEFBQcOAjAnBggrBgEFBQcBBwEB/wQYMBYwCQQCAAEwAwMBADAJBAIAAjADAwEAMCEGCCsGAQUFBwEIAQH/BBIwEKAOMAwwCgIBAAIFAP////8wDQYJKoZIhvcNAQELBQADggEBAKTzo/fMUT5PyCakBzEihAI2XHyOJoDDZKMrYCPSSpD/F1Yz06hU/dE2FtcVhClIMRBiM411h6r7LNRBHD43dcArvpRYNuCs3Q3hqDxyReN+TvMa07LKMMtNeQDrp927+QIM40yLYBD71m5vsdtb3rQOllZEwnGgzzKYyD+uZF+276+rwOk6k2XUdvmEG0CCIhi2a2VGzDl2ygwevvjUxdfp6G8X/AyCI3zAaUcqhKv38hD6G6mq2expBlr9h26kdHYCImUqnUOL4x8YFw1EWQaznmAyBt+/o0XKZ4lk74GrYEv14zIL8itpxUcD3nqhnG4naKNSyea9K5HfwDPqDEE=",
            "resources": {
              "asn": "AS0-AS4294967295",
              "v4": "0.0.0.0/0",
              "v6": "::/0"
            },
            "tal": {
              "uris": [
                "https://localhost:3000/ta/ta.cer"
              ],
              "encoded_ski": "MIIBIjANBgkqhkiG9w0BAQEFAAOCAQ8AMIIBCgKCAQEA3yQ1SWKCkEooWD/oZkAGf6DeRBw/z6breR3FrJ/pqQ8BpjLRSMIioAyi18L1XLKyG033y+fwcFSpiW739xSnH2pneGi+BUq+NfTKVXVTfFjEQNzQl/uE/mdOzanmEZKZPLBUiLTWQcIB2zfx6xXCIMC9zm7LJ/PsKEsCCRLTQFtUwmJqh16Pz5iD3mtxIVXaVGb9VXIxdtrEBAiibj4ko6AGWoopYIQYEJ7TMbSzhyov2SYt+HaAXm/3Dij8UB8i1d1oCdiSkjTkNriuH3BTDidg/zv8qUjzzp5rp6Hrqq5SY9TOmqEFk6TeN9rBSH7uRqbLtthAL43iGuv1XzGJFwIDAQAB"
            }
          }
        }
      }
    ]
  }
}