{
  "command": {
    "actor": "krill",
    "time": "2020-04-30T14:34:57.207052Z",
    "handle": "ta",
    "version": 16,
    "sequence": 11,
    "details": {
      "type": "child_revoke_key",
      "child": "child",
      "revoke_req": {
        "class_name": "0",
        "key": "C4CF00E42E046EBE5275589D3462F1B1F43FBA85"
      }
    },
    "effect": {
      "result": "success",
      "events": [
        14,
        15
      ]
    }
  },
  "result": {
    "Events": [
      {
        "id": "ta",
        "version": 14,
        "details": {
          "type": "child_key_revoked",
          "child": "child",
          "resource_class_name": "0",
          "ki": "C4CF00E42E046EBE5275589D3462F1B1F43FBA85"
        }
      },
      {
        "id": "ta",
        "version": 15,
        "details": {
          "type": "child_certificates_updated",
          "resource_class_name": "0",
          "updates": {
            "issued": [],
            "removed": [
              "C4CF00E42E046EBE5275589D3462F1B1F43FBA85"
            ]
          }
        }
      }
    ]
  }
}