{
  "command": {
    "actor": "krill",
    "time": "2020-04-30T14:34:56.743620Z",
    "handle": "ta",
    "version": 14,
    "sequence": 10,
    "details": {
      "type": "child_update_resources",
      "child": "child",
      "resources": {
        "asn": "",
        "v4": "",
        "v6": ""
      }
    },
    "effect": {
      "result": "success",
      "events": [
        13
      ]
    }
  },
  "result": {
    "Events": [
      {
        "id": "ta",
        "version": 13,
        "details": {
          "type": "child_updated_resources",
          "child": "child",
          "resources": {
            "asn": "",
            "v4": "",
            "v6": ""
          }
        }
      }
    ]
  }
}