{
  "offset": 0,
  "total": 11,
  "commands": [
    {
      "key": "command--1588257292--1--cmd-ca-repo-update",
      "actor": "krill",
      "timestamp": 1588257292773,
      "handle": "ta",
      "version": 2,
      "sequence": 1,
      "summary": {
        "msg": "Update repo to embedded server",
        "label": "cmd-ca-repo-update",
        "args": {}
      },
      "effect": {
        "result": "success",
        "events": [
          1
        ]
      }
    },
    {
      "key": "command--1588257292--2--cmd-ca-make-ta",
      "actor": "krill",
      "timestamp": 1588257292774,
      "handle": "ta",
      "version": 3,
      "sequence": 2,
      "summary": {
        "msg": "Turn into Trust Anchor",
        "label": "cmd-ca-make-ta",
        "args": {}
      },
      "effect": {
        "result": "success",
        "events": [
          2
        ]
      }
    },
    {
      "key": "command--1588257292--3--cmd-ca-rcn-receive",
      "actor": "krill",
      "timestamp": 1588257292963,
      "handle": "ta",
      "version": 4,
      "sequence": 3,
      "summary": {
        "msg": "Update received cert in RC '0', with resources 'asn: 1 blocks, v4: 1 blocks, v6: 1 blocks'",
        "label": "cmd-ca-rcn-receive",
        "args": {
          "asn_blocks": "1",
          "class_name": "0",
          "ipv4_blocks": "1",
          "ipv6_blocks": "1",
          "resources": "asn: AS0-AS4294967295, v4: 0.0.0.0/0, v6: ::/0"
        }
      },
      "effect": {
        "result": "success",
        "events": [
          3
        ]
      }
    },
    {
      "key": "command--1588257293--4--cmd-ca-child-add",
      "actor": "krill",
      "timestamp": 1588257293265,
      "handle": "ta",
      "version": 5,
      "sequence": 4,
      "summary": {
        "msg": "Add child 'child' with RFC8183 key '<none>' and resources 'asn: 0 blocks, v4: 1 blocks, v6: 0 blocks'",
        "label": "cmd-ca-child-add",
        "args": {
          "asn_blocks": "0",
          "child": "child",
          "id_key": "<none>",
          "ipv4_blocks": "1",
          "ipv6_blocks": "0",
          "resources": "asn: , v4: 10.0.0.0/16, v6: "
        }
      },
      "effect": {
        "result": "success",
        "events": [
          4
        ]
      }
    },
    {
      "key": "command--1588257294--5--cmd-ca-child-certify",
      "actor": "krill",
      "timestamp": 1588257294195,
      "handle": "ta",
      "version": 7,
      "sequence": 5,
      "summary": {
        "msg": "Issue certificate to child 'child' for key 'C4CF00E42E046EBE5275589D3462F1B1F43FBA85'",
        "label": "cmd-ca-child-certify",
        "args": {
          "child": "child",
          "class_name": "0",
          "key": "C4CF00E42E046EBE5275589D3462F1B1F43FBA85"
        }
      },
      "effect": {
        "result": "success",
        "events": [
          5,
          6
        ]
      }
    },
    {
      "key": "command--1588257294--6--cmd-ca-child-update-res",
      "actor": "krill",
      "timestamp": 1588257294541,
      "handle": "ta",
      "version": 8,
      "sequence": 6,
      "summary": {
        "msg": "Update resources for child 'child' to: asn: 1 blocks, v4: 1 blocks, v6: 0 blocks",
        "label": "cmd-ca-child-update-res",
        "args": {
          "asn_blocks": "1",
          "child": "child",
          "ipv4_blocks": "1",
          "ipv6_blocks": "0",
          "resources": "asn: AS65000, v4: 10.0.0.0/16, v6: "
        }
      },
      "effect": {
        "result": "success",
        "events": [
          7
        ]
      }
    },
    {
      "key": "command--1588257295--7--cmd-ca-child-certify",
      "actor": "krill",
      "timestamp": 1588257295045,
      "handle": "ta",
      "version": 10,
      "sequence": 7,
      "summary": {
        "msg": "Issue certificate to child 'child' for key 'C4CF00E42E046EBE5275589D3462F1B1F43FBA85'",
        "label": "cmd-ca-child-certify",
        "args": {
          "child": "child",
          "class_name": "0",
          "key": "C4CF00E42E046EBE5275589D3462F1B1F43FBA85"
        }
      },
      "effect": {
        "result": "success",
        "events": [
          8,
          9
        ]
      }
    },
    {
      "key": "command--1588257295--8--cmd-ca-child-update-res",
      "actor": "krill",
      "timestamp": 1588257295654,
      "handle": "ta",
      "version": 11,
      "sequence": 8,
      "summary": {
        "msg": "Update resources for child 'child' to: asn: 0 blocks, v4: 1 blocks, v6: 0 blocks",
        "label": "cmd-ca-child-update-res",
        "args": {
          "asn_blocks": "0",
          "child": "child",
          "ipv4_blocks": "1",
          "ipv6_blocks": "0",
          "resources": "asn: , v4: 10.0.0.0/24, v6: "
        }
      },
      "effect": {
        "result": "success",
        "events": [
          10
        ]
      }
    },
    {
      "key": "command--1588257296--9--cmd-ca-child-certify",
      "actor": "krill",
      "timestamp": 1588257296109,
      "handle": "ta",
      "version": 13,
      "sequence": 9,
      "summary": {
        "msg": "Issue certificate to child 'child' for key 'C4CF00E42E046EBE5275589D3462F1B1F43FBA85'",
        "label": "cmd-ca-child-certify",
        "args": {
          "child": "child",
          "class_name": "0",
          "key": "C4CF00E42E046EBE5275589D3462F1B1F43FBA85"
        }
      },
      "effect": {
        "result": "success",
        "events": [
          11,
          12
        ]
      }
    },
    {
      "key": "command--1588257296--10--cmd-ca-child-update-res",
      "actor": "krill",
      "timestamp": 1588257296743,
      "handle": "ta",
      "version": 14,
      "sequence": 10,
      "summary": {
        "msg": "Update resources for child 'child' to: asn: 0 blocks, v4: 0 blocks, v6: 0 blocks",
        "label": "cmd-ca-child-update-res",
        "args": {
          "asn_blocks": "0",
          "child": "child",
          "ipv4_blocks": "0",
          "ipv6_blocks": "0",
          "resources": "asn: , v4: , v6: "
        }
      },
      "effect": {
        "result": "success",
        "events": [
          13
        ]
      }
    },
    {
      "key": "command--1588257297--11--cmd-ca-child-revoke",
      "actor": "krill",
      "timestamp": 1588257297207,
      "handle": "ta",
      "version": 16,
      "sequence": 11,
      "summary": {
        "msg": "Revoke certificates for child 'child' for key 'C4CF00E42E046EBE5275589D3462F1B1F43FBA85' in RC 0",
        "label": "cmd-ca-child-revoke",
        "args": {
          "child": "child",
          "class_name": "0",
          "key": "C4CF00E42E046EBE5275589D3462F1B1F43FBA85"
        }
      },
      "effect": {
        "result": "success",
        "events": [
          14,
          15
        ]
      }
    }
  ]
}