{
  "command": {
    "actor": "krill",
    "time": "2020-04-30T14:14:17.417942Z",
    "handle": "rfc6492",
    "version": 20,
    "sequence": 17,
    "details": {
      "type": "remove_parent",
      "parent": "ta"
    },
    "effect": {
      "result": "success",
      "events": [
        19
      ]
    }
  },
  "result": {
    "Events": [
      {
        "id": "rfc6492",
        "version": 19,
        "details": {
          "type": "parent_removed",
          "parent": "ta"
        }
      }
    ]
  }
}