{
  "command": {
    "actor": "krill",
    "time": "2020-04-30T14:14:10.829294Z",
    "handle": "rfc6492",
    "version": 11,
    "sequence": 9,
    "details": {
      "type": "update_rcvd_cert",
      "resource_class_name": "0",
      "resources": {
        "asn": "",
        "v4": "10.0.0.0/24",
        "v6": ""
      }
    },
    "effect": {
      "result": "success",
      "events": [
        10
      ]
    }
  },
  "result": {
    "Events": [
      {
        "id": "rfc6492",
        "version": 10,
        "details": {
          "type": "certificate_received",
          "resource_class_name": "0",
          "rcvd_cert": {
            "cert": "MIIHBzCCBe+gAwIBAgIUJszQp6+pcX3G+CvNBjU7UcFCBMwwDQYJKoZIhvcNAQELBQAwggItMYICKTCCAiUGA1UEAxOCAhwzMDgyMDEwQTAyODIwMTAxMDBEMTMyRjRBRDEwRjgzMkQ2MjE5QjFERDQyMzg4RTZGQTJGNTk3NDg1OEMwNjdCNDA4MTVBNEU4OEVGQTdCMzEzODE0OUM4RjU3MDgyNjlDREI2RjQ0MDNFRTlDMzY3QUUwQzg1MEE5MkE2RjVGMzY3QzZDMTEwMEQxOEQwQjM2M0QyMzc1RUI4NzU5NkVGMEE2ODA4RUQxOTRBODdCMEY1MDJCOUE5RDREQzczOUYwQzQyRkU0QTcxQzEzM0ZCNEI1NUFERUVGOTFBNjZDQ0I2QzVEMzNCRUVERjhEQzRBODcwRjJGQkY3RkREMEM5QTBFRDFDQkRGN0JGRkU2MTk4MEI4NDU5MkY2MTFENDQzNDUyN0UzMDMyMkYyODJFQzFEMDE1RUQyOTA4NjgyQzY0RTAyMTJCNDU1MzA4QkQ1MDcwMEI4MjMzMEIwRUI0MEI4OTUzMUFFQkFCMjJDMTQwNDdGQ0U2MjI0QTdGMDhBRjg3MUIzNEE5RjY2OTJFMjk0QTNCODBDMzcyQTdDOTNDQTRDQ0U4NTM1QTNGRTI5NzJFOEJDRUZCNTI3RTAwOEVGRjU4M0U2QjVFRUE1MkE2NDQxQkE1RDhGNkRGNEU1NzZGNEQ5MjQzNUUwOUNEMjQwRkY0NEZBMUVCN0U1RTI5QkJCRTdCOEJDMEQxRTgzMTAyMDMwMTAwMDEwHhcNMjAwNDMwMTQwOTEwWhcNMjEwNDMwMTQxNDEwWjAzMTEwLwYDVQQDEygxNzE0MzgzNkI4RjZEMTFEQ0I1M0NENDlCNUQ0MEM2MUI4RTlCODEzMIIBIjANBgkqhkiG9w0BAQEFAAOCAQ8AMIIBCgKCAQEA1uGsqPLgLLiNwNsc1h3EgTUeeAiWsyUmkUzEQgkBs3chLwDupIBaATsMomBRP0kfiZ+Zu+OPD1LW1BX60Ar/Fig6AOSZrAz9RHhDtENiWBvfa+VtE1PvZ4GeCNpL+8gkd53KiXE5HEcZu4+gC0CeDxYreXKM5DZV9lJvfF0acmBaM/FfVbYc/Pd6hpWE6fqCIIkUcoDb+5viZCn+oslMusc3RiWaw1hrLhRQkScPZrzZeEk7cHZSK0zPU8Hp0ah3Y+SwBaY4fvd926uJhzcxbJVuw1DWyQLLLHWSMCImHt8IhR4dG4YVls/f5vyG203vbDDBEverpAD5COJTvRmh8wIDAQABo4ICFTCCAhEwDwYDVR0TAQH/BAUwAwEB/zAdBgNVHQ4EFgQUFxQ4Nrj20R3LU81JtdQMYbjpuBMwHwYDVR0jBBgwFoAU6dha9MqhLL1xkGejm0QJo/9Ni7EwDgYDVR0PAQH/BAQDAgEGMFkGA1UdHwRSMFAwTqBMoEqGSHJzeW5jOi8vbG9jYWxob3N0L3JlcG8vdGEvMC9FOUQ4NUFGNENBQTEyQ0JENzE5MDY3QTM5QjQ0MDlBM0ZGNEQ4QkIxLmNybDA8BggrBgEFBQcBAQQwMC4wLAYIKwYBBQUHMAKGIHJzeW5jOi8vbG9jYWxob3N0L3JlcG8vdGEvdGEuY2VyMIHZBggrBgEFBQcBCwSBzDCByTAtBggrBgEFBQcwBYYhcnN5bmM6Ly9sb2NhbGhvc3QvcmVwby9yZmM2NDkyLzAvMFkGCCsGAQUFBzAKhk1yc3luYzovL2xvY2FsaG9zdC9yZXBvL3JmYzY0OTIvMC8xNzE0MzgzNkI4RjZEMTFEQ0I1M0NENDlCNUQ0MEM2MUI4RTlCODEzLm1mdDA9BggrBgEFBQcwDYYxaHR0cHM6Ly9sb2NhbGhvc3Q6MzAwMC90ZXN0LXJyZHAvbm90aWZpY2F0aW9uLnhtbDAYBgNVHSABAf8EDjAMMAoGCCsGAQUFBw4CMB8GCCsGAQUFBwEHAQH/BBAwDjAMBAIAATAGAwQACgAAMA0GCSqGSIb3DQEBCwUAA4IBAQBlHAdTI0STrl7W8KNrJjSWAWgmawaJ3O/iDNPi9FznUkwN2EIFVTO4C2qAuAEX/UZhsnlcHIZ2lvSJ8hdyv+g32IWwaTjmYz1YUafLPApRRTLqBeLURkANS8BKz9L81Izru/1i/c63tpVAKt7zpoGfugwQbQgVmHNfX8UhZ3g0h3uHjToLZp2ZpqFf8ucBhxGr0uUw8fzmxO+tPK4hWnYYH9aIhYPS209tgoFP4A9wh4La/B+h7wdYXt5y9oORXk1/6Fq4yh+pa/TrAfvp0Sj6qLN8omEx1XStZ+D8N8d80Tci8HBLuqsnzm4JoZQ4OZFJzvbIMfsS2c7q4eq3jmT3",
            "uri": "rsync://localhost/repo/ta/0/17143836B8F6D11DCB53CD49B5D40C61B8E9B813.cer",
            "resources": {
              "asn": "",
              "v4": "10.0.0.0/24",
              "v6": ""
            }
          },
          "ki": "17143836B8F6D11DCB53CD49B5D40C61B8E9B813"
        }
      }
    ]
  }
}