{
  "command": {
    "actor": "krill",
    "time": "2020-04-30T14:14:09.776082Z",
    "handle": "rfc6492",
    "version": 9,
    "sequence": 7,
    "details": {
      "type": "update_rcvd_cert",
      "resource_class_name": "0",
      "resources": {
        "asn": "AS65000",
        "v4": "10.0.0.0/16",
        "v6": ""
      }
    },
    "effect": {
      "result": "success",
      "events": [
        8
      ]
    }
  },
  "result": {
    "Events": [
      {
        "id": "rfc6492",
        "version": 8,
        "details": {
          "type": "certificate_received",
          "resource_class_name": "0",
          "rcvd_cert": {
            "cert": "MIIHIjCCBgqgAwIBAgIUOu6C9zJLLNSEJWEJ8H3i93htoegwDQYJKoZIhvcNAQELBQAwggItMYICKTCCAiUGA1UEAxOCAhwzMDgyMDEwQTAyODIwMTAxMDBEMTMyRjRBRDEwRjgzMkQ2MjE5QjFERDQyMzg4RTZGQTJGNTk3NDg1OEMwNjdCNDA4MTVBNEU4OEVGQTdCMzEzODE0OUM4RjU3MDgyNjlDREI2RjQ0MDNFRTlDMzY3QUUwQzg1MEE5MkE2RjVGMzY3QzZDMTEwMEQxOEQwQjM2M0QyMzc1RUI4NzU5NkVGMEE2ODA4RUQxOTRBODdCMEY1MDJCOUE5RDREQzczOUYwQzQyRkU0QTcxQzEzM0ZCNEI1NUFERUVGOTFBNjZDQ0I2QzVEMzNCRUVERjhEQzRBODcwRjJGQkY3RkREMEM5QTBFRDFDQkRGN0JGRkU2MTk4MEI4NDU5MkY2MTFENDQzNDUyN0UzMDMyMkYyODJFQzFEMDE1RUQyOTA4NjgyQzY0RTAyMTJCNDU1MzA4QkQ1MDcwMEI4MjMzMEIwRUI0MEI4OTUzMUFFQkFCMjJDMTQwNDdGQ0U2MjI0QTdGMDhBRjg3MUIzNEE5RjY2OTJFMjk0QTNCODBDMzcyQTdDOTNDQTRDQ0U4NTM1QTNGRTI5NzJFOEJDRUZCNTI3RTAwOEVGRjU4M0U2QjVFRUE1MkE2NDQxQkE1RDhGNkRGNEU1NzZGNEQ5MjQzNUUwOUNEMjQwRkY0NEZBMUVCN0U1RTI5QkJCRTdCOEJDMEQxRTgzMTAyMDMwMTAwMDEwHhcNMjAwNDMwMTQwOTA5WhcNMjEwNDMwMTQxNDA5WjAzMTEwLwYDVQQDEygxNzE0MzgzNkI4RjZEMTFEQ0I1M0NENDlCNUQ0MEM2MUI4RTlCODEzMIIBIjANBgkqhkiG9w0BAQEFAAOCAQ8AMIIBCgKCAQEA1uGsqPLgLLiNwNsc1h3EgTUeeAiWsyUmkUzEQgkBs3chLwDupIBaATsMomBRP0kfiZ+Zu+OPD1LW1BX60Ar/Fig6AOSZrAz9RHhDtENiWBvfa+VtE1PvZ4GeCNpL+8gkd53KiXE5HEcZu4+gC0CeDxYreXKM5DZV9lJvfF0acmBaM/FfVbYc/Pd6hpWE6fqCIIkUcoDb+5viZCn+oslMusc3RiWaw1hrLhRQkScPZrzZeEk7cHZSK0zPU8Hp0ah3Y+SwBaY4fvd926uJhzcxbJVuw1DWyQLLLHWSMCImHt8IhR4dG4YVls/f5vyG203vbDDBEverpAD5COJTvRmh8wIDAQABo4ICMDCCAiwwDwYDVR0TAQH/BAUwAwEB/zAdBgNVHQ4EFgQUFxQ4Nrj20R3LU81JtdQMYbjpuBMwHwYDVR0jBBgwFoAU6dha9MqhLL1xkGejm0QJo/9Ni7EwDgYDVR0PAQH/BAQDAgEGMFkGA1UdHwRSMFAwTqBMoEqGSHJzeW5jOi8vbG9jYWxob3N0L3JlcG8vdGEvMC9FOUQ4NUFGNENBQTEyQ0JENzE5MDY3QTM5QjQ0MDlBM0ZGNEQ4QkIxLmNybDA8BggrBgEFBQcBAQQwMC4wLAYIKwYBBQUHMAKGIHJzeW5jOi8vbG9jYWxob3N0L3JlcG8vdGEvdGEuY2VyMIHZBggrBgEFBQcBCwSBzDCByTAtBggrBgEFBQcwBYYhcnN5bmM6Ly9sb2NhbGhvc3QvcmVwby9yZmM2NDkyLzAvMFkGCCsGAQUFBzAKhk1yc3luYzovL2xvY2FsaG9zdC9yZXBvL3JmYzY0OTIvMC8xNzE0MzgzNkI4RjZEMTFEQ0I1M0NENDlCNUQ0MEM2MUI4RTlCODEzLm1mdDA9BggrBgEFBQcwDYYxaHR0cHM6Ly9sb2NhbGhvc3Q6MzAwMC90ZXN0LXJyZHAvbm90aWZpY2F0aW9uLnhtbDAYBgNVHSABAf8EDjAMMAoGCCsGAQUFBw4CMB4GCCsGAQUFBwEHAQH/BA8wDTALBAIAATAFAwMACgAwGgYIKwYBBQUHAQgBAf8ECzAJoAcwBQIDAP3oMA0GCSqGSIb3DQEBCwUAA4IBAQAtzi2pQ1Q2OAc/zhZaJ1KhsF/Ns3pT1JwwkwXVccNL+DTLmc6wNB7/3J29B6EdZ5B5HbHZJRHHuQefW7tFT0ena6Ns5M2GRBeHMGUR+ziB8qQl5bu+fBsn/jbaKLKLTqfeWRpSE5HWFfizSPTr4OXCW769eDpsN7SCzQwkE0RdvQt3aUIRnkH8FVPFCkOz+p6pROIalSAXVFtJwNVkDPNYVzYjoEDu9SlQFRfg12RzGdvC38I7JfZXxoGgbgdMbdHXHsdfX2HYnNHZDWYH1YNYTPcX2FrOKEiwMcIjULyFwGAZa+hmy3bhrBhRjMnspgim0CwkO9EMV37AGvXDxdUg",
            "uri": "rsync://localhost/repo/ta/0/17143836B8F6D11DCB53CD49B5D40C61B8E9B813.cer",
            "resources": {
              "asn": "AS65000",
              "v4": "10.0.0.0/16",
              "v6": ""
            }
          },
          "ki": "17143836B8F6D11DCB53CD49B5D40C61B8E9B813"
        }
      }
    ]
  }
}