{
  "command": {
    "actor": "krill",
    "time": "2020-04-30T14:14:06.805264Z",
    "handle": "rfc6492",
    "version": 3,
    "sequence": 2,
    "details": {
      "type": "add_parent",
      "parent": "ta",
      "contact": "rfc6492"
    },
    "effect": {
      "result": "success",
      "events": [
        2
      ]
    }
  },
  "result": {
    "Events": [
      {
        "id": "rfc6492",
        "version": 2,
        "details": {
          "type": "parent_added",
          "parent": "ta",
          "contact": {
            "type": "rfc6492",
            "tag": null,
            "id_cert": "MIIDOjCCAiKgAwIBAgIBATANBgkqhkiG9w0BAQsFADAzMTEwLwYDVQQDEyg2MENCRDhDNkE5RjA2MjhDMjdCQTRCNDc5QzJGMTk1MEQ0MDI2MkMwMB4XDTIwMDQzMDE0MDkwNloXDTM1MDQzMDE0MTQwNlowMzExMC8GA1UEAxMoNjBDQkQ4QzZBOUYwNjI4QzI3QkE0QjQ3OUMyRjE5NTBENDAyNjJDMDCCASIwDQYJKoZIhvcNAQEBBQADggEPADCCAQoCggEBAMx7EhrkdkhjlIS8rZCw5O571n/FPnmzF5HGF6gsyOT9Cj2FyblPlWKdnGBld2Afa6b+l754lCVz1Th1oshI0fpp1vcyF+QZCJjpEsWp8qeWyNgHGWCSw53h9txonwerS/G1mokWXmlDoJd2648HpWET6N6mxA5b0mMWPNLvBuAP4bl5OE46jupamgDAWDIS+Rt2LTvkWCP5JH6NLpSnm+jjt+7py2pHAL8NL9rtQ2RD5yjQjn445YX11b2DSxR2B3j0gN5vz3V19qDIqPW5w+ahlRjXp+BDioV0VLuvFUo1eP2aB+LVOGmP4iq/ap/M4HoHkfgBm019N0wi9y/7d8kCAwEAAaNZMFcwDwYDVR0TAQH/BAUwAwEB/zAgBgNVHQ4BAQAEFgQUYMvYxqnwYownuktHnC8ZUNQCYsAwIgYDVR0jAQEABBgwFoAUYMvYxqnwYownuktHnC8ZUNQCYsAwDQYJKoZIhvcNAQELBQADggEBALm7q5x56ggqnGxAAas270EpQg6hrXevh1DcwC7WQuKcY8aWa+duBXPZnxnKl3JdtF+sQHzsfkAdexo8CoYK97FeimSzkxl9d8RrbaEyDYCO/pUjv45JxLwA0Bsx9IUZCnaD7C+cBE2t7xLTL7xxNm7WjcfkfZs5QODlkrp4iS7aNeGD/foCOxxDNvp6I18apS8zOYQ0iK2/VIFpZQ176nObbSIi7x6JhRQukABaCDAHQefMsCnZXNcFaMYrNcAfOJcur9R65E3mBosqQB9T65VoAH+87kdadeYKwU8mqzeZmMSi/CMlOA7K9pvnZ9RibWMfp9yOePniqv3As3gM9wI=",
            "parent_handle": "ta",
            "child_handle": "rfc6492",
            "service_uri": "https://localhost:3000/rfc6492/ta"
          }
        }
      }
    ]
  }
}