{
  "offset": 0,
  "total": 20,
  "commands": [
    {
      "key": "command--1588256046--1--cmd-ca-repo-update",
      "actor": "krill",
      "timestamp": 1588256046613,
      "handle": "rfc6492",
      "version": 2,
      "sequence": 1,
      "summary": {
        "msg": "Update repo to embedded server",
        "label": "cmd-ca-repo-update",
        "args": {}
      },
      "effect": {
        "result": "success",
        "events": [
          1
        ]
      }
    },
    {
      "key": "command--1588256046--2--cmd-ca-parent-add",
      "actor": "krill",
      "timestamp": 1588256046805,
      "handle": "rfc6492",
      "version": 3,
      "sequence": 2,
      "summary": {
        "msg": "Add parent 'ta' as 'RFC 6492 Parent'",
        "label": "cmd-ca-parent-add",
        "args": {
          "parent": "ta",
          "parent_contact": "RFC 6492 Parent"
        }
      },
      "effect": {
        "result": "success",
        "events": [
          2
        ]
      }
    },
    {
      "key": "command--1588256047--3--cmd-ca-parent-entitlements",
      "actor": "krill",
      "timestamp": 1588256047634,
      "handle": "rfc6492",
      "version": 5,
      "sequence": 3,
      "summary": {
        "msg": "Update entitlements under parent 'ta': 0 => asn: , v4: 10.0.0.0/16, v6:  ",
        "label": "cmd-ca-parent-entitlements",
        "args": {
          "parent": "ta"
        }
      },
      "effect": {
        "result": "success",
        "events": [
          3,
          4
        ]
      }
    },
    {
      "key": "command--1588256047--4--cmd-ca-parent-entitlements",
      "actor": "krill",
      "timestamp": 1588256047919,
      "handle": "rfc6492",
      "version": 6,
      "sequence": 4,
      "summary": {
        "msg": "Update entitlements under parent 'ta': 0 => asn: , v4: 10.0.0.0/16, v6:  ",
        "label": "cmd-ca-parent-entitlements",
        "args": {
          "parent": "ta"
        }
      },
      "effect": {
        "result": "success",
        "events": [
          5
        ]
      }
    },
    {
      "key": "command--1588256048--5--cmd-ca-rcn-receive",
      "actor": "krill",
      "timestamp": 1588256048146,
      "handle": "rfc6492",
      "version": 7,
      "sequence": 5,
      "summary": {
        "msg": "Update received cert in RC '0', with resources 'asn: 0 blocks, v4: 1 blocks, v6: 0 blocks'",
        "label": "cmd-ca-rcn-receive",
        "args": {
          "asn_blocks": "0",
          "class_name": "0",
          "ipv4_blocks": "1",
          "ipv6_blocks": "0",
          "resources": "asn: , v4: 10.0.0.0/16, v6: "
        }
      },
      "effect": {
        "result": "success",
        "events": [
          6
        ]
      }
    },
    {
      "key": "command--1588256049--6--cmd-ca-parent-entitlements",
      "actor": "krill",
      "timestamp": 1588256049151,
      "handle": "rfc6492",
      "version": 8,
      "sequence": 6,
      "summary": {
        "msg": "Update entitlements under parent 'ta': 0 => asn: AS65000, v4: 10.0.0.0/16, v6:  ",
        "label": "cmd-ca-parent-entitlements",
        "args": {
          "parent": "ta"
        }
      },
      "effect": {
        "result": "success",
        "events": [
          7
        ]
      }
    },
    {
      "key": "command--1588256049--7--cmd-ca-rcn-receive",
      "actor": "krill",
      "timestamp": 1588256049776,
      "handle": "rfc6492",
      "version": 9,
      "sequence": 7,
      "summary": {
        "msg": "Update received cert in RC '0', with resources 'asn: 1 blocks, v4: 1 blocks, v6: 0 blocks'",
        "label": "cmd-ca-rcn-receive",
        "args": {
          "asn_blocks": "1",
          "class_name": "0",
          "ipv4_blocks": "1",
          "ipv6_blocks": "0",
          "resources": "asn: AS65000, v4: 10.0.0.0/16, v6: "
        }
      },
      "effect": {
        "result": "success",
        "events": [
          8
        ]
      }
    },
    {
      "key": "command--1588256050--8--cmd-ca-parent-entitlements",
      "actor": "krill",
      "timestamp": 1588256050416,
      "handle": "rfc6492",
      "version": 10,
      "sequence": 8,
      "summary": {
        "msg": "Update entitlements under parent 'ta': 0 => asn: , v4: 10.0.0.0/24, v6:  ",
        "label": "cmd-ca-parent-entitlements",
        "args": {
          "parent": "ta"
        }
      },
      "effect": {
        "result": "success",
        "events": [
          9
        ]
      }
    },
    {
      "key": "command--1588256050--9--cmd-ca-rcn-receive",
      "actor": "krill",
      "timestamp": 1588256050829,
      "handle": "rfc6492",
      "version": 11,
      "sequence": 9,
      "summary": {
        "msg": "Update received cert in RC '0', with resources 'asn: 0 blocks, v4: 1 blocks, v6: 0 blocks'",
        "label": "cmd-ca-rcn-receive",
        "args": {
          "asn_blocks": "0",
          "class_name": "0",
          "ipv4_blocks": "1",
          "ipv6_blocks": "0",
          "resources": "asn: , v4: 10.0.0.0/24, v6: "
        }
      },
      "effect": {
        "result": "success",
        "events": [
          10
        ]
      }
    },
    {
      "key": "command--1588256051--10--cmd-ca-parent-entitlements",
      "actor": "krill",
      "timestamp": 1588256051665,
      "handle": "rfc6492",
      "version": 12,
      "sequence": 10,
      "summary": {
        "msg": "Update entitlements under parent 'ta': ",
        "label": "cmd-ca-parent-entitlements",
        "args": {
          "parent": "ta"
        }
      },
      "effect": {
        "result": "success",
        "events": [
          11
        ]
      }
    },
    {
      "key": "command--1588256053--11--cmd-ca-parent-update",
      "actor": "krill",
      "timestamp": 1588256053522,
      "handle": "rfc6492",
      "version": 13,
      "sequence": 11,
      "summary": {
        "msg": "Update contact for parent 'ta' to 'RFC 6492 Parent'",
        "label": "cmd-ca-parent-update",
        "args": {
          "parent": "ta",
          "parent_contact": "RFC 6492 Parent"
        }
      },
      "effect": {
        "result": "success",
        "events": [
          12
        ]
      }
    },
    {
      "key": "command--1588256053--12--cmd-ca-parent-entitlements",
      "actor": "krill",
      "timestamp": 1588256053668,
      "handle": "rfc6492",
      "version": 15,
      "sequence": 12,
      "summary": {
        "msg": "Update entitlements under parent 'ta': 0 => asn: , v4: 10.0.0.0/24, v6:  ",
        "label": "cmd-ca-parent-entitlements",
        "args": {
          "parent": "ta"
        }
      },
      "effect": {
        "result": "success",
        "events": [
          13,
          14
        ]
      }
    },
    {
      "key": "command--1588256055--13--cmd-ca-rcn-receive",
      "actor": "krill",
      "timestamp": 1588256055119,
      "handle": "rfc6492",
      "version": 16,
      "sequence": 13,
      "summary": {
        "msg": "Update received cert in RC '1', with resources 'asn: 0 blocks, v4: 1 blocks, v6: 0 blocks'",
        "label": "cmd-ca-rcn-receive",
        "args": {
          "asn_blocks": "0",
          "class_name": "1",
          "ipv4_blocks": "1",
          "ipv6_blocks": "0",
          "resources": "asn: , v4: 10.0.0.0/24, v6: "
        }
      },
      "effect": {
        "result": "success",
        "events": [
          15
        ]
      }
    },
    {
      "key": "command--1588256055--14--cmd-ca-generate-new-id",
      "actor": "krill",
      "timestamp": 1588256055843,
      "handle": "rfc6492",
      "version": 17,
      "sequence": 14,
      "summary": {
        "msg": "Generate a new RFC8183 ID.",
        "label": "cmd-ca-generate-new-id",
        "args": {}
      },
      "effect": {
        "result": "success",
        "events": [
          16
        ]
      }
    },
    {
      "key": "command--1588256056--15--cmd-ca-parent-entitlements",
      "actor": "krill",
      "timestamp": 1588256056350,
      "handle": "rfc6492",
      "version": 18,
      "sequence": 15,
      "summary": {
        "msg": "Update entitlements under parent 'ta': 0 => asn: AS65000, v4: 10.0.0.0/16, v6:  ",
        "label": "cmd-ca-parent-entitlements",
        "args": {
          "parent": "ta"
        }
      },
      "effect": {
        "result": "success",
        "events": [
          17
        ]
      }
    },
    {
      "key": "command--1588256057--16--cmd-ca-rcn-receive",
      "actor": "krill",
      "timestamp": 1588256057144,
      "handle": "rfc6492",
      "version": 19,
      "sequence": 16,
      "summary": {
        "msg": "Update received cert in RC '1', with resources 'asn: 1 blocks, v4: 1 blocks, v6: 0 blocks'",
        "label": "cmd-ca-rcn-receive",
        "args": {
          "asn_blocks": "1",
          "class_name": "1",
          "ipv4_blocks": "1",
          "ipv6_blocks": "0",
          "resources": "asn: AS65000, v4: 10.0.0.0/16, v6: "
        }
      },
      "effect": {
        "result": "success",
        "events": [
          18
        ]
      }
    },
    {
      "key": "command--1588256057--17--cmd-ca-parent-remove",
      "actor": "krill",
      "timestamp": 1588256057417,
      "handle": "rfc6492",
      "version": 20,
      "sequence": 17,
      "summary": {
        "msg": "Remove parent 'ta'",
        "label": "cmd-ca-parent-remove",
        "args": {
          "parent": "ta"
        }
      },
      "effect": {
        "result": "success",
        "events": [
          19
        ]
      }
    },
    {
      "key": "command--1588256058--18--cmd-ca-parent-add",
      "actor": "krill",
      "timestamp": 1588256058249,
      "handle": "rfc6492",
      "version": 21,
      "sequence": 18,
      "summary": {
        "msg": "Add parent 'ta' as 'RFC 6492 Parent'",
        "label": "cmd-ca-parent-add",
        "args": {
          "parent": "ta",
          "parent_contact": "RFC 6492 Parent"
        }
      },
      "effect": {
        "result": "success",
        "events": [
          20
        ]
      }
    },
    {
      "key": "command--1588256058--19--cmd-ca-parent-entitlements",
      "actor": "krill",
      "timestamp": 1588256058947,
      "handle": "rfc6492",
      "version": 23,
      "sequence": 19,
      "summary": {
        "msg": "Update entitlements under parent 'ta': 0 => asn: AS65000, v4: 10.0.0.0/16, v6:  ",
        "label": "cmd-ca-parent-entitlements",
        "args": {
          "parent": "ta"
        }
      },
      "effect": {
        "result": "success",
        "events": [
          21,
          22
        ]
      }
    },
    {
      "key": "command--1588256059--20--cmd-ca-rcn-receive",
      "actor": "krill",
      "timestamp": 1588256059250,
      "handle": "rfc6492",
      "version": 24,
      "sequence": 20,
      "summary": {
        "msg": "Update received cert in RC '2', with resources 'asn: 1 blocks, v4: 1 blocks, v6: 0 blocks'",
        "label": "cmd-ca-rcn-receive",
        "args": {
          "asn_blocks": "1",
          "class_name": "2",
          "ipv4_blocks": "1",
          "ipv6_blocks": "0",
          "resources": "asn: AS65000, v4: 10.0.0.0/16, v6: "
        }
      },
      "effect": {
        "result": "success",
        "events": [
          23
        ]
      }
    }
  ]
}