{
  "command": {
    "actor": "krill",
    "time": "2020-04-28T13:28:00.459017Z",
    "handle": "child",
    "version": 10,
    "sequence": 6,
    "details": {
      "type": "roa_definition_updates",
      "updates": {
        "added": [
          {
            "asn": 64496,
            "prefix": "2001:db8::/32",
            "max_length": 48
          },
          {
            "asn": 64496,
            "prefix": "10.0.0.0/24"
          }
        ],
        "removed": []
      }
    },
    "effect": {
      "result": "success",
      "events": [
        7,
        8,
        9
      ]
    }
  },
  "result": {
    "Events": [
      {
        "id": "child",
        "version": 7,
        "details": {
          "type": "route_authorization_added",
          "auth": "10.0.0.0/24 => 64496"
        }
      },
      {
        "id": "child",
        "version": 8,
        "details": {
          "type": "route_authorization_added",
          "auth": "2001:db8::/32-48 => 64496"
        }
      },
      {
        "id": "child",
        "version": 9,
        "details": {
          "type": "roas_updated",
          "resource_class_name": "0",
          "updates": {
            "updated": [
              {
                "auth": "10.0.0.0/24 => 64496",
                "roa": {
                  "roa": "MIIItQYJKoZIhvcNAQcCoIIIpjCCCKICAQMxDTALBglghkgBZQMEAgEwKgYLKoZIhvcNAQkQARigGwQZMBcCAwD78DAQMA4EAgABMAgwBgMEAAoAAKCCBrIwggauMIIFlqADAgECAhQKRJZM2i5wDkt5H1Jq8DNx+7XqGDANBgkqhkiG9w0BAQsFADAzMTEwLwYDVQQDEyg3N0FBNjlFOTU3MUQxREQwOTJGNzMzMUNGNzE1N0QwN0I1RTg5OTdCMB4XDTIwMDQyODEzMjMwMFoXDTIxMDQyODEzMjgwMFowggItMYICKTCCAiUGA1UEAxOCAhwzMDgyMDEwQTAyODIwMTAxMDBBREUyRjQ2MjIzRDlFNjlEMzFEQTU3QzQ4NEY4MEY2QTk2MEUxM0IzQ0Y0NTgzM0ZCNzUxNUFDRjk0Q0UzNDI3Mjk4NDFGQjMxRkJCNjM5MkFDMEVDOTQyQUY3M0Y1OEMyQjUzOTY5RUExMDlEMUQ0NzU3QUI5MDI0NkM4N0Y1NUJERUVBOTRDRkQwMTQwQTE5NjY3OEZGOUM3MkM1NUYwNEE1QkYxREU5MDM1MzNCMjEzRjY2MkVGNzNGQ0JERjA3OEI0NDE5MjFBMDJEQTZCMTI2OTlBRDE3NTRCOUJEQjA2ODU3MDUxQjcyREM1QjExOUI3OTExMDBCMEI3MDdERDQxNDA1RjcxMjdGREQ3RDYwNDU0MEZGRkY5NkU1NEE3NDBCQTU0RkU5NURFNUQzRjUyMzJCRDZGNTI5NEFEMTUwMzQyREVGQUQ4MzZBNTYxM0MxQjk2N0FBOTc1QTY0MkEzN0ZBNkZBN0NCMDYwNDUzODc4MzU5M0E1NTM2MTRCNzJGOERGNzNDNDIzMjM4QjEzMzYzODAxQzU4MkJGM0I4MTU4OTFFMDFEODRDQTk3QUNBRjMwQTYwNkI0RkM4MTMzMjVGQUFCRTA0NzlBOTlCREE4ODZGMDgxQjdGNTgwRjQwMEMzQTE1RjcwODExNjMyMjBFM0NCNjYzN0Q2NzAyMDMwMTAwMDEwggEiMA0GCSqGSIb3DQEBAQUAA4IBDwAwggEKAoIBAQCt4vRiI9nmnTHaV8SE+A9qlg4Ts89Fgz+3UVrPlM40JymEH7Mfu2OSrA7JQq9z9YwrU5aeoQnR1HV6uQJGyH9Vve6pTP0BQKGWZ4/5xyxV8Epb8d6QNTOyE/Zi73P8vfB4tEGSGgLaaxJpmtF1S5vbBoVwUbctxbEZt5EQCwtwfdQUBfcSf919YEVA//+W5Up0C6VP6V3l0/UjK9b1KUrRUDQt762DalYTwblnqpdaZCo3+m+nywYEU4eDWTpVNhS3L433PEIyOLEzY4AcWCvzuBWJHgHYTKl6yvMKYGtPyBMyX6q+BHmpm9qIbwgbf1gPQAw6FfcIEWMiDjy2Y31nAgMBAAGjggG8MIIBuDAdBgNVHQ4EFgQUWNv70mmgEsa2ur/gaB+k0DzeOM4wHwYDVR0jBBgwFoAUd6pp6VcdHdCS9zMc9xV9B7XomXswDgYDVR0PAQH/BAQDAgeAMFwGA1UdHwRVMFMwUaBPoE2GS3JzeW5jOi8vbG9jYWxob3N0L3JlcG8vY2hpbGQvMC83N0FBNjlFOTU3MUQxREQwOTJGNzMzMUNGNzE1N0QwN0I1RTg5OTdCLmNybDBkBggrBgEFBQcBAQRYMFYwVAYIKwYBBQUHMAKGSHJzeW5jOi8vbG9jYWxob3N0L3JlcG8vdGEvMC83N0FBNjlFOTU3MUQxREQwOTJGNzMzMUNGNzE1N0QwN0I1RTg5OTdCLmNlcjBnBggrBgEFBQcBCwRbMFkwVwYIKwYBBQUHMAuGS3JzeW5jOi8vbG9jYWxob3N0L3JlcG8vY2hpbGQvMC8zMTMwMmUzMDJlMzAyZTMwMmYzMjM0MjAzZDNlMjAzNjM0MzQzOTM2LnJvYTAYBgNVHSABAf8EDjAMMAoGCCsGAQUFBw4CMB8GCCsGAQUFBwEHAQH/BBAwDjAMBAIAATAGAwQACgAAMA0GCSqGSIb3DQEBCwUAA4IBAQCSuQDZ0DsrAKtYXCleWyJAr7UOrUMbxC5XUGuHhYafDkEGgXBescNNSi6wVhVo3R3EmQXRlsslqmqH3n+xw2LOpGJuQeDggz0DYPNlWW3GvFYq1vT7GCXmibAHJdqXEgQYNgkelr1eaXpQgvoRTjDQ3ukIor2d6CoKZBiMoyFWFmv6goCHGLnXChn7XDL7rVag/ecd+RMu27OwFooetOUFofpE1bYrDGP0dbQxwA3435qsVXzrK75IQjlJ0zFmdeVk/pQL6nXZ2bryt8Q5urNtf5WckCrUupkubPtW8vSD6pZZKUQZhfRANQfn9VwLhTbntntNoxoGZgH8rEF7jOKbMYIBqjCCAaYCAQOAFFjb+9JpoBLGtrq/4GgfpNA83jjOMAsGCWCGSAFlAwQCAaBrMBoGCSqGSIb3DQEJAzENBgsqhkiG9w0BCRABGDAcBgkqhkiG9w0BCQUxDxcNMjAwNDI4MTMyODAwWjAvBgkqhkiG9w0BCQQxIgQgoVVuh8ksjIThlhyxCDUaHu41DXI9mu1CInE+dxfqvAwwDQYJKoZIhvcNAQEBBQAEggEAehhSFZLQ2LVKsOwKfj6o1DVwwXD/S4u0aPh1VcQb7kvZ55jx4No6IGXc1Fccqe2BPZ9Ug5A0w3z3A1qNRFJ47ZLRp1Hobd0oCfQ/EObg1aLot0p0l5gNRu584nhibpdVGgri4uvqxAlUJqIjuINyhlY/9e1MnFroQ+qaK+qT7R+FmqeV+1OnFtGKzv+itcXnY6vRaYdR2EMSoPJ1LpzzZpSMcIZB7xA7K6/d7gCH0k7D6RaD/+aCApHE5SO+XPyemIVKi3IT0RtEIpzfY8BAzGrqkh+SIkQlEX3ZHxVv+bjj2970po9iRQ7GYC2rkghHRQchSd7xsNyH8Eu9VgMXHw==",
                  "since": "2020-04-28T13:28:00.576430Z"
                }
              },
              {
                "auth": "2001:db8::/32-48 => 64496",
                "roa": {
                  "roa": "MIIIxAYJKoZIhvcNAQcCoIIItTCCCLECAQMxDTALBglghkgBZQMEAgEwLgYLKoZIhvcNAQkQARigHwQdMBsCAwD78DAUMBIEAgACMAwwCgMFACABDbgCATCggga9MIIGuTCCBaGgAwIBAgIUcXHKsVYK7XZ4YM6an97qCtgXVcgwDQYJKoZIhvcNAQELBQAwMzExMC8GA1UEAxMoNzdBQTY5RTk1NzFEMUREMDkyRjczMzFDRjcxNTdEMDdCNUU4OTk3QjAeFw0yMDA0MjgxMzIzMDBaFw0yMTA0MjgxMzI4MDBaMIICLTGCAikwggIlBgNVBAMTggIcMzA4MjAxMEEwMjgyMDEwMTAwRUE3NjAyMUY4OTQwM0JDNUVFNEIxMzdBQzExM0Y4NEJEMzU5RTNGODhGNkEzNDc1NUQ4MTZBNEFENjRERjhGOTM2RUIyN0Y3MkVGRDc2REU2MEYzRkM3RDE3NEI2RjlDOTI0OEJGMkZDNDhERUREMkEyREJCRERFMEU2NTVFRjFENDc2RjZERkIyRjlCQTg0NEUzMTIxMUI0NDQ3NjRBNTYyMjcyRDg1RjkyQ0FERTZFRDkyNjFGREQ2MzYwNjBCRUE5NkE2RERDNDBBNTYwMzk1MDY4NDA0MkUwQTgxQzhERjNDMDRCNENBQ0FENzRDQ0Q4MDM0QTc0M0JENTc1MjgwMjNGNDhBMzQ2Q0M0Mjc1MUI0MjJBNUFBNDI2QzFDRkI0RUQzMzQ4RjhBMDY1N0IzMDY3RDlERjU0MEJGRTNBOEMyRTQxODAyMDNERDc4MUU1MDhFNkJFRUUyMzFFQjIxREU4REM1ODFCNTRBOTAxMjc5RUU1MTQzQzFENURFMzJFOUNGOTVBNTI3QjZGNDhCM0M4MzVBOTg5QUY4MEREOTE2ODg4NUNCNjMwRjlFRDNDMEM4MzAzMDRDOTY3OENCOTg5ODZGN0Y5NEVBQUFGQzNBMDY5NzY1REVBQjMzQTQzMzQwNkI2QTM3OTJFQUJCNkQ4NjRFMUM4RDhBMzUwMjAzMDEwMDAxMIIBIjANBgkqhkiG9w0BAQEFAAOCAQ8AMIIBCgKCAQEA6nYCH4lAO8XuSxN6wRP4S9NZ4/iPajR1XYFqStZN+Pk26yf3Lv123mDz/H0XS2+ckki/L8SN7dKi273eDmVe8dR29t+y+bqETjEhG0RHZKViJy2F+Syt5u2SYf3WNgYL6pam3cQKVgOVBoQELgqByN88BLTKytdMzYA0p0O9V1KAI/SKNGzEJ1G0IqWqQmwc+07TNI+KBlezBn2d9UC/46jC5BgCA914HlCOa+7iMesh3o3FgbVKkBJ57lFDwdXeMunPlaUntvSLPINamJr4DdkWiIXLYw+e08DIMDBMlnjLmJhvf5Tqqvw6Bpdl3qszpDNAa2o3kuq7bYZOHI2KNQIDAQABo4IBxzCCAcMwHQYDVR0OBBYEFEfrbCiqH2ZyVJa5/0af1odyLc05MB8GA1UdIwQYMBaAFHeqaelXHR3QkvczHPcVfQe16Jl7MA4GA1UdDwEB/wQEAwIHgDBcBgNVHR8EVTBTMFGgT6BNhktyc3luYzovL2xvY2FsaG9zdC9yZXBvL2NoaWxkLzAvNzdBQTY5RTk1NzFEMUREMDkyRjczMzFDRjcxNTdEMDdCNUU4OTk3Qi5jcmwwZAYIKwYBBQUHAQEEWDBWMFQGCCsGAQUFBzAChkhyc3luYzovL2xvY2FsaG9zdC9yZXBvL3RhLzAvNzdBQTY5RTk1NzFEMUREMDkyRjczMzFDRjcxNTdEMDdCNUU4OTk3Qi5jZXIwcQYIKwYBBQUHAQsEZTBjMGEGCCsGAQUFBzALhlVyc3luYzovL2xvY2FsaG9zdC9yZXBvL2NoaWxkLzAvMzIzMDMwMzEzYTY0NjIzODNhM2EyZjMzMzIyZDM0MzgyMDNkM2UyMDM2MzQzNDM5MzYucm9hMBgGA1UdIAEB/wQOMAwwCgYIKwYBBQUHDgIwIAYIKwYBBQUHAQcBAf8EETAPMA0EAgACMAcDBQAgAQ24MA0GCSqGSIb3DQEBCwUAA4IBAQC4bgoODU71o4qNsPqhpBzeJZ79jMSAP769uc4fPqP3l1tio9ILxUEg13Mh3GhN2OwzIf9VliRvTa9SmqPCIPElOX7J/z+Mgu35tEdJqhpxhtdqcVnc1U3qUxgvkgFunaQV+b2fsFKBZCTS52Ff19ymut4paRNBKwCpRv3ki9KTtzSxZRHq5W8S9j+1gPAKL/i8h/zod6WJZarsykdG+LBobtSgDv2tw24G8mfmTGW4esnVt8dzvLNkHC/mj9JfaOaG0xzJBUyZKx5mQ5W698DIq4TPt3NFSfcx2ABVk7opRxOmBfLPE2mWDcxqUeNoPa4mtsTUoXZjiLI6aVIX1pFJMYIBqjCCAaYCAQOAFEfrbCiqH2ZyVJa5/0af1odyLc05MAsGCWCGSAFlAwQCAaBrMBoGCSqGSIb3DQEJAzENBgsqhkiG9w0BCRABGDAcBgkqhkiG9w0BCQUxDxcNMjAwNDI4MTMyODAwWjAvBgkqhkiG9w0BCQQxIgQgRGKfJHgEv54Ai+FJDuyXPnxUytL+f1s2iypj6UXUSTAwDQYJKoZIhvcNAQEBBQAEggEAgLmeKchg0Laa/3yyMRvu5sSNv5NZEkm0zDpeYyKlFSjeZshaSC7GXZHp3iCRUTLjYddRCn4RVmgB01QbAfwkxb1HA2sZX9gU5T56NzbzmWjrmdQDFtlXrJZWSHY55/shMsAhQEgIE+3miJMlwlxr8TV4OK15dKN9/2wbRebAyNno48lS9W56HM01b7VWzikyo9MraIbj2IL8iqkszblWhYkyKoUTaAt97YxQ6TjO6ECICzfh43yDdnttzQ/TMSJ3agokSM8YiYH/9CcVxc+M4Afz3vjJvg1u7eD8j5ZV6PxBr3i5EtZ/cHv4iqhHQpATdcMrz3uYlYnQBlhWFlcNTw==",
                  "since": "2020-04-28T13:28:00.637028Z"
                }
              }
            ]
          }
        }
      }
    ]
  }
}