{
  "command": {
    "actor": "krill",
    "time": "2020-04-28T13:28:01.257796Z",
    "handle": "child",
    "version": 12,
    "sequence": 7,
    "details": {
      "type": "roa_definition_updates",
      "updates": {
        "added": [],
        "removed": [
          {
            "asn": 64496,
            "prefix": "10.0.0.0/24"
          }
        ]
      }
    },
    "effect": {
      "result": "success",
      "events": [
        10,
        11
      ]
    }
  },
  "result": {
    "Events": [
      {
        "id": "child",
        "version": 10,
        "details": {
          "type": "route_authorization_removed",
          "auth": "10.0.0.0/24 => 64496"
        }
      },
      {
        "id": "child",
        "version": 11,
        "details": {
          "type": "roas_updated",
          "resource_class_name": "0",
          "updates": {
            "removed": [
              {
                "auth": "10.0.0.0/24 => 64496",
                "removed": {
                  "revocation": {
                    "serial": "58619451376100949143308034647119937940200221208",
                    "expires": "2021-04-28T13:28:00Z"
                  },
                  "hash": "f239de4d330d23d186c7f29e9683c9f0cc8311e884e07ee63e32574768a4dff9"
                }
              }
            ]
          }
        }
      }
    ]
  }
}