{
  "command": {
    "actor": "krill",
    "time": "2020-04-28T13:28:06.697038Z",
    "handle": "child",
    "version": 23,
    "sequence": 15,
    "details": {
      "type": "key_roll_finish",
      "resource_class_name": "0"
    },
    "effect": {
      "result": "success",
      "events": [
        22
      ]
    }
  },
  "result": {
    "Events": [
      {
        "id": "child",
        "version": 22,
        "details": {
          "type": "key_roll_finished",
          "resource_class_name": "0"
        }
      }
    ]
  }
}