{
  "command": {
    "actor": "krill",
    "time": "2020-04-28T13:28:02.333021Z",
    "handle": "child",
    "version": 12,
    "sequence": 8,
    "details": {
      "type": "roa_definition_updates",
      "updates": {
        "added": [
          {
            "asn": 64496,
            "prefix": "192.168.0.0/24"
          }
        ],
        "removed": []
      }
    },
    "effect": {
      "result": "error",
      "msg": "Prefix in ROA '192.168.0.0/24 => 64496' not held by CA 'child'."
    }
  },
  "result": {
    "Error": "Prefix in ROA '192.168.0.0/24 => 64496' not held by CA 'child'."
  }
}