{
  "command": {
    "actor": "krill",
    "time": "2020-04-30T14:14:13.535128Z",
    "handle": "ta",
    "version": 18,
    "sequence": 13,
    "details": {
      "type": "child_update_resources",
      "child": "rfc6492",
      "resources": {
        "asn": "",
        "v4": "10.0.0.0/24",
        "v6": ""
      }
    },
    "effect": {
      "result": "success",
      "events": [
        17
      ]
    }
  },
  "result": {
    "Events": [
      {
        "id": "ta",
        "version": 17,
        "details": {
          "type": "child_updated_resources",
          "child": "rfc6492",
          "resources": {
            "asn": "",
            "v4": "10.0.0.0/24",
            "v6": ""
          }
        }
      }
    ]
  }
}