{
  "command": {
    "actor": "krill",
    "time": "2020-04-30T14:14:13.261078Z",
    "handle": "ta",
    "version": 17,
    "sequence": 12,
    "details": {
      "type": "generate_new_id_key"
    },
    "effect": {
      "result": "success",
      "events": [
        16
      ]
    }
  },
  "result": {
    "Events": [
      {
        "id": "ta",
        "version": 16,
        "details": {
          "type": "id_updated",
          "id": {
            "cert": "MIIDOjCCAiKgAwIBAgIBATANBgkqhkiG9w0BAQsFADAzMTEwLwYDVQQDEygwQjk5QUFDMzk5N0I2OTM2OTQzQ0Q0NjU5ODAyOUE0NTYxNUIyMzQ0MB4XDTIwMDQzMDE0MDkxM1oXDTM1MDQzMDE0MTQxM1owMzExMC8GA1UEAxMoMEI5OUFBQzM5OTdCNjkzNjk0M0NENDY1OTgwMjlBNDU2MTVCMjM0NDCCASIwDQYJKoZIhvcNAQEBBQADggEPADCCAQoCggEBANowd2iNSpavMON2M+tXu7SPyXvMaAJ7Sec5Na5irGmdYDWDT0EDpJP7VNsgf0B9CIdYMotc1b+aAEpAwioF6yjwX7lo3WJYb0RNb5qVxoZtzLJrxTzdLrfRXFovhJ0SE5PQlQvQyS/0mOOKPtbcmH4+4ugbtTmwvKrO7K2OAz6/9wqYWSCfo0i7oPOSiIFbtfJPg8RzYbyUgdIQJK14hG+MSJtUGCkBYC81VREWzP7ettsTG3QbCVlIvk8w2Z6de+TrIG6komN5V3m2vm5H/pkogIjN+lb1NlHOwSAGbgHsw93JJ7ZBAFeYAivqBx0qivZ1Qd5R8B5OEcmt9B+q0acCAwEAAaNZMFcwDwYDVR0TAQH/BAUwAwEB/zAgBgNVHQ4BAQAEFgQUC5mqw5l7aTaUPNRlmAKaRWFbI0QwIgYDVR0jAQEABBgwFoAUC5mqw5l7aTaUPNRlmAKaRWFbI0QwDQYJKoZIhvcNAQELBQADggEBAIlWum4wsiyZTsoItSJSnWt7YaTls6KFnM1e/C/K5uC3W7nhpRXwI5dso/5bAgFUrbhtYsr6rm+Uu+TOLf1w3L5P5A85XUiqqUFMihbV5UKiP3ZmlQaJYDd6vVoBZFivR9n15Qt+TQ/zm8j9JI76r7TUZb6yMCMbLPXeoaGkuPfx3ZHRy1jgrXOwfb0+P/mZQ1InyyaJ94TghrIo/eSwtLXDf7B1ISckDARJ2hFFH6fg8/CHbMuFYGtucnlTJGKgBOIVTiMR+UXKlzv5Wtv5HjttzK3AMHG9Sn1OaFNYGmk/TsbuEgjgdq3qBa9V6oziGi2Vk73xshzYAjixt2R77Mc="
          }
        }
      }
    ]
  }
}