{
  "command": {
    "actor": "krill",
    "time": "2020-04-30T14:14:17.925575Z",
    "handle": "ta",
    "version": 26,
    "sequence": 18,
    "details": {
      "type": "child_remove",
      "child": "rfc6492"
    },
    "effect": {
      "result": "success",
      "events": [
        24,
        25
      ]
    }
  },
  "result": {
    "Events": [
      {
        "id": "ta",
        "version": 24,
        "details": {
          "type": "child_certificates_updated",
          "resource_class_name": "0",
          "updates": {
            "issued": [],
            "removed": [
              "9F29B373BC1B3D173E815841AE492E3E64CC6325"
            ]
          }
        }
      },
      {
        "id": "ta",
        "version": 25,
        "details": {
          "type": "child_removed",
          "child": "rfc6492"
        }
      }
    ]
  }
}