{
  "command": {
    "actor": "krill",
    "time": "2020-04-30T14:14:06.279835Z",
    "handle": "ta",
    "version": 3,
    "sequence": 2,
    "details": {
      "type": "make_trust_anchor"
    },
    "effect": {
      "result": "success",
      "events": [
        2
      ]
    }
  },
  "result": {
    "Events": [
      {
        "id": "ta",
        "version": 2,
        "details": {
          "type": "trust_anchor_made",
          "ta_cert_details": {
            "cert": "MIIIazCCB1OgAwIBAgIUCOpszDVviazGVKtiFhwb+TRaH2AwDQYJKoZIhvcNAQELBQAwggItMYICKTCCAiUGA1UEAxOCAhwzMDgyMDEwQTAyODIwMTAxMDBEMTMyRjRBRDEwRjgzMkQ2MjE5QjFERDQyMzg4RTZGQTJGNTk3NDg1OEMwNjdCNDA4MTVBNEU4OEVGQTdCMzEzODE0OUM4RjU3MDgyNjlDREI2RjQ0MDNFRTlDMzY3QUUwQzg1MEE5MkE2RjVGMzY3QzZDMTEwMEQxOEQwQjM2M0QyMzc1RUI4NzU5NkVGMEE2ODA4RUQxOTRBODdCMEY1MDJCOUE5RDREQzczOUYwQzQyRkU0QTcxQzEzM0ZCNEI1NUFERUVGOTFBNjZDQ0I2QzVEMzNCRUVERjhEQzRBODcwRjJGQkY3RkREMEM5QTBFRDFDQkRGN0JGRkU2MTk4MEI4NDU5MkY2MTFENDQzNDUyN0UzMDMyMkYyODJFQzFEMDE1RUQyOTA4NjgyQzY0RTAyMTJCNDU1MzA4QkQ1MDcwMEI4MjMzMEIwRUI0MEI4OTUzMUFFQkFCMjJDMTQwNDdGQ0U2MjI0QTdGMDhBRjg3MUIzNEE5RjY2OTJFMjk0QTNCODBDMzcyQTdDOTNDQTRDQ0U4NTM1QTNGRTI5NzJFOEJDRUZCNTI3RTAwOEVGRjU4M0U2QjVFRUE1MkE2NDQxQkE1RDhGNkRGNEU1NzZGNEQ5MjQzNUUwOUNEMjQwRkY0NEZBMUVCN0U1RTI5QkJCRTdCOEJDMEQxRTgzMTAyMDMwMTAwMDEwIBcNMjAwNDMwMTQwOTA2WhgPMjEyMDA0MzAxNDE0MDZaMIICLTGCAikwggIlBgNVBAMTggIcMzA4MjAxMEEwMjgyMDEwMTAwRDEzMkY0QUQxMEY4MzJENjIxOUIxREQ0MjM4OEU2RkEyRjU5NzQ4NThDMDY3QjQwODE1QTRFODhFRkE3QjMxMzgxNDlDOEY1NzA4MjY5Q0RCNkY0NDAzRUU5QzM2N0FFMEM4NTBBOTJBNkY1RjM2N0M2QzExMDBEMThEMEIzNjNEMjM3NUVCODc1OTZFRjBBNjgwOEVEMTk0QTg3QjBGNTAyQjlBOUQ0REM3MzlGMEM0MkZFNEE3MUMxMzNGQjRCNTVBREVFRjkxQTY2Q0NCNkM1RDMzQkVFREY4REM0QTg3MEYyRkJGN0ZERDBDOUEwRUQxQ0JERjdCRkZFNjE5ODBCODQ1OTJGNjExRDQ0MzQ1MjdFMzAzMjJGMjgyRUMxRDAxNUVEMjkwODY4MkM2NEUwMjEyQjQ1NTMwOEJENTA3MDBCODIzMzBCMEVCNDBCODk1MzFBRUJBQjIyQzE0MDQ3RkNFNjIyNEE3RjA4QUY4NzFCMzRBOUY2NjkyRTI5NEEzQjgwQzM3MkE3QzkzQ0E0Q0NFODUzNUEzRkUyOTcyRThCQ0VGQjUyN0UwMDhFRkY1ODNFNkI1RUVBNTJBNjQ0MUJBNUQ4RjZERjRFNTc2RjREOTI0MzVFMDlDRDI0MEZGNDRGQTFFQjdFNUUyOUJCQkU3QjhCQzBEMUU4MzEwMjAzMDEwMDAxMIIBIjANBgkqhkiG9w0BAQEFAAOCAQ8AMIIBCgKCAQEA0TL0rRD4MtYhmx3UI4jm+i9ZdIWMBntAgVpOiO+nsxOBScj1cIJpzbb0QD7pw2euDIUKkqb182fGwRANGNCzY9I3Xrh1lu8KaAjtGUqHsPUCuanU3HOfDEL+SnHBM/tLVa3u+RpmzLbF0zvu343EqHDy+/f90Mmg7Ry997/+YZgLhFkvYR1ENFJ+MDIvKC7B0BXtKQhoLGTgIStFUwi9UHALgjMLDrQLiVMa66siwUBH/OYiSn8Ir4cbNKn2aS4pSjuAw3KnyTykzOhTWj/ily6LzvtSfgCO/1g+a17qUqZEG6XY9t9OV29NkkNeCc0kD/RPoet+Xim7vnuLwNHoMQIDAQABo4IBezCCAXcwDwYDVR0TAQH/BAUwAwEB/zAdBgNVHQ4EFgQU6dha9MqhLL1xkGejm0QJo/9Ni7EwDgYDVR0PAQH/BAQDAgEGMIHOBggrBgEFBQcBCwSBwTCBvjAnBggrBgEFBQcwBYYbcnN5bmM6Ly9sb2NhbGhvc3QvcmVwby90YS8wMFQGCCsGAQUFBzAKhkhyc3luYzovL2xvY2FsaG9zdC9yZXBvL3RhLzAvRTlEODVBRjRDQUExMkNCRDcxOTA2N0EzOUI0NDA5QTNGRjREOEJCMS5tZnQwPQYIKwYBBQUHMA2GMWh0dHBzOi8vbG9jYWxob3N0OjMwMDAvdGVzdC1ycmRwL25vdGlmaWNhdGlvbi54bWwwGAYDVR0gAQH/BA4wDDAKBggrBgEFBQcOAjAnBggrBgEFBQcBBwEB/wQYMBYwCQQCAAEwAwMBADAJBAIAAjADAwEAMCEGCCsGAQUFBwEIAQH/BBIwEKAOMAwwCgIBAAIFAP////8wDQYJKoZIhvcNAQELBQADggEBABchYG1JIXfIGgFkgtj04cFNhcEMQgiIbTq1M5yrPf91smbmnGlGmyuAPTMJXjXh7XB2bCER+1n0zVrL2dw871p07N9VX8PtDiHlzb154koe8bioM3NN3HDv3j58GAOLMdoOL65+6tcFT+7Vgqeu6otPegs+m68+jf7BfeZU/IiSc1P/2MnbmRAj6yRZpsNlK123PuZ3E8RdRgPzOKqygkG6QLLjCzUZpp+LcZQrsSZkiIIzFPhyXvmz+UMm5Q3T9eWdkXy+ClBDzharOfTA1FKOhqOslqtPUqDkKvxqBN7WvjHYjI969hfeEXpzZ5zaZ3kNF8HNgar4fbVnUOigwc0=",
            "resources": {
              "asn": "AS0-AS4294967295",
              "v4": "0.0.0.0/0",
              "v6": "::/0"
            },
            "tal": {
              "uris": [
                "https://localhost:3000/ta/ta.cer"
              ],
              "encoded_ski": "MIIBIjANBgkqhkiG9w0BAQEFAAOCAQ8AMIIBCgKCAQEA0TL0rRD4MtYhmx3UI4jm+i9ZdIWMBntAgVpOiO+nsxOBScj1cIJpzbb0QD7pw2euDIUKkqb182fGwRANGNCzY9I3Xrh1lu8KaAjtGUqHsPUCuanU3HOfDEL+SnHBM/tLVa3u+RpmzLbF0zvu343EqHDy+/f90Mmg7Ry997/+YZgLhFkvYR1ENFJ+MDIvKC7B0BXtKQhoLGTgIStFUwi9UHALgjMLDrQLiVMa66siwUBH/OYiSn8Ir4cbNKn2aS4pSjuAw3KnyTykzOhTWj/ily6LzvtSfgCO/1g+a17qUqZEG6XY9t9OV29NkkNeCc0kD/RPoet+Xim7vnuLwNHoMQIDAQAB"
            }
          }
        }
      }
    ]
  }
}