{
  "command": {
    "actor": "krill",
    "time": "2020-04-30T14:14:12.723420Z",
    "handle": "ta",
    "version": 16,
    "sequence": 11,
    "details": {
      "type": "child_revoke_key",
      "child": "rfc6492",
      "revoke_req": {
        "class_name": "0",
        "key": "17143836B8F6D11DCB53CD49B5D40C61B8E9B813"
      }
    },
    "effect": {
      "result": "success",
      "events": [
        14,
        15
      ]
    }
  },
  "result": {
    "Events": [
      {
        "id": "ta",
        "version": 14,
        "details": {
          "type": "child_key_revoked",
          "child": "rfc6492",
          "resource_class_name": "0",
          "ki": "17143836B8F6D11DCB53CD49B5D40C61B8E9B813"
        }
      },
      {
        "id": "ta",
        "version": 15,
        "details": {
          "type": "child_certificates_updated",
          "resource_class_name": "0",
          "updates": {
            "issued": [],
            "removed": [
              "17143836B8F6D11DCB53CD49B5D40C61B8E9B813"
            ]
          }
        }
      }
    ]
  }
}