{
  "command": {
    "actor": "krill",
    "time": "2020-04-30T14:14:06.640626Z",
    "handle": "ta",
    "version": 5,
    "sequence": 4,
    "details": {
      "type": "child_add",
      "child": "rfc6492",
      "ski": "c7c157d25bf984745691af261fa8d149aa7f6ca7",
      "resources": {
        "asn": "",
        "v4": "10.0.0.0/16",
        "v6": ""
      }
    },
    "effect": {
      "result": "success",
      "events": [
        4
      ]
    }
  },
  "result": {
    "Events": [
      {
        "id": "ta",
        "version": 4,
        "details": {
          "type": "child_added",
          "child": "rfc6492",
          "id_cert": "MIIDOjCCAiKgAwIBAgIBATANBgkqhkiG9w0BAQsFADAzMTEwLwYDVQQDEyhDN0MxNTdEMjVCRjk4NDc0NTY5MUFGMjYxRkE4RDE0OUFBN0Y2Q0E3MB4XDTIwMDQzMDE0MDkwNloXDTM1MDQzMDE0MTQwNlowMzExMC8GA1UEAxMoQzdDMTU3RDI1QkY5ODQ3NDU2OTFBRjI2MUZBOEQxNDlBQTdGNkNBNzCCASIwDQYJKoZIhvcNAQEBBQADggEPADCCAQoCggEBAJndramulRv8sTKTWDF6yKytfvE4HSYAR/3V0azlwsGlccybgLJkZz86A2Dh9L7UI5LYFoh6LbKAE9uPEl8cpjwVEgN+pOSUy+svmDE/X8ciHM3EXAERzmUAySY5RcsC206rb+vLZObyAL1Z9vSEP4+0RRAL+wMTabr0wQpF3aM8nJC7/4Z9txL8WOAOsh0mfTstBW44oe5FmHD2h6OR2P7L1sSiAra7AYmhF1auIA4ArPfGc0m8M1Rneq9MmrPy5FmIjfeYByh5xfHlkrhyhaU0qgDjFkwL5Ep+ySkpMwkIq3ZbLJhYhygMlyrk5FR1y4ZPZYCIRlVGXMRZDJleT/ECAwEAAaNZMFcwDwYDVR0TAQH/BAUwAwEB/zAgBgNVHQ4BAQAEFgQUx8FX0lv5hHRWka8mH6jRSap/bKcwIgYDVR0jAQEABBgwFoAUx8FX0lv5hHRWka8mH6jRSap/bKcwDQYJKoZIhvcNAQELBQADggEBAH19Q9KCHwrtKOq7SJ00X/pHUN5oZCgpg0p8Q/f94hPIEerVT1+3dOkHhcnF9vRb2wGsNx64ux/HXOpp2seshKMqRw+IzwLTGVmh/rOTsxBikjYRDGgpQ031e6zrP0y4VMTUiSKXWoHo9ebcNXT1QdmQYXpZJejyb2h4NIJNrDNK0NtvRYcXhmDRnK8DKOk4KY0EXsIADHN6NlAzOxFK8IBKK06C839E9CftabTy8suQ8bXTooZ0xDJgzPzYrZtBkj7NykUYJeD18ztzHc8SJj79IOCsUbVXCRRPNkvIGPdCOeRz8JaPSR7/JX7QYSWcnCC28uoW3ENEbXdOo9glhTE=",
          "resources": {
            "asn": "",
            "v4": "10.0.0.0/16",
            "v6": ""
          }
        }
      }
    ]
  }
}