{
  "command": {
    "actor": "krill",
    "time": "2020-04-30T14:22:21.086577Z",
    "handle": "CA1",
    "version": 5,
    "sequence": 3,
    "details": {
      "type": "update_resource_entitlements",
      "parent": "ta",
      "entitlements": [
        {
          "resource_class_name": "0",
          "resources": {
            "asn": "",
            "v4": "10.0.0.0/16",
            "v6": ""
          }
        }
      ]
    },
    "effect": {
      "result": "success",
      "events": [
        3,
        4
      ]
    }
  },
  "result": {
    "Events": [
      {
        "id": "CA1",
        "version": 3,
        "details": {
          "type": "resource_class_added",
          "resource_class_name": "0",
          "parent": "ta",
          "parent_resource_class_name": "0",
          "pending_key": "4D58715553FB5864C9172AEC973B042ACEB413B5"
        }
      },
      {
        "id": "CA1",
        "version": 4,
        "details": {
          "type": "certificate_requested",
          "resource_class_name": "0",
          "req": {
            "class_name": "0",
            "limit": {
              "asn": "none",
              "v4": "none",
              "v6": "none"
            },
            "csr": "MIIDhzCCAm8CAQAwMzExMC8GA1UEAxMoNEQ1ODcxNTU1M0ZCNTg2NEM5MTcyQUVDOTczQjA0MkFDRUI0MTNCNTCCASIwDQYJKoZIhvcNAQEBBQADggEPADCCAQoCggEBANs8HaC2R68XnEzD4gdEtfTS3wU1kKyXoVhPSEl2vyoPPOsD0KWIfVF72dZE/bZUupX0BssP7JulC53ZnQbQX5KiR4T7ApmVjS0GvvR5/jE1A4fymn2UU42hcJSIiCqpKT4j2vEaATnxtatim56VteK1PtOnoP5wD80A5gvaH5ZnRINL12vB5V4h1AZS8zrBJowbjSLQPseOVryxHDHuW3TLdC8rOE1lBoKR2aROzPdT4AOIl8T6aBtj5bRwAqwMRO4YEADKWKmMbgUCkem0mPUHKY3Mnt1UNCpss3fu2h3BKv4FmrcPeWC0iKyNqDLqNAFHQ4HFaDOPv7DwHHEx4Q0CAwEAAaCCAQ0wggEJBgkqhkiG9w0BCQ4xgfswgfgwDwYDVR0TAQH/BAUwAwEB/zAOBgNVHQ8BAf8EBAMCAQYwgdQGCCsGAQUFBwELAQEABIHEMIHBMCkGCCsGAQUFBzAFhh1yc3luYzovL2xvY2FsaG9zdC9yZXBvL0NBMS8wLzBVBggrBgEFBQcwCoZJcnN5bmM6Ly9sb2NhbGhvc3QvcmVwby9DQTEvMC80RDU4NzE1NTUzRkI1ODY0QzkxNzJBRUM5NzNCMDQyQUNFQjQxM0I1Lm1mdDA9BggrBgEFBQcwDYYxaHR0cHM6Ly9sb2NhbGhvc3Q6MzAwMC90ZXN0LXJyZHAvbm90aWZpY2F0aW9uLnhtbDANBgkqhkiG9w0BAQsFAAOCAQEAGuFP6Td7/H1P8Z/wyXlPGQd31wfnsagiZ8u+JSpc6HQLRetfc2NZ0IIxUJh5phOyCNTUQ3hUDeBHRdr+fDz8lUl4gV/mCme1Zu5078L2Ku8MqXZ3iYDswimrv08FneKJe5QXYF17bikRK7D2UzQob665ak2MLft3pLHdubSxx6dSlAeehILLyAv2ltfGm3EwlYDDwaf/ROue0Z6rwvsaFdviWYbA0ljcBQOJ3/CQYNcyZd4c2lAz+FQogO8/6Bw7aUUr7y3dn0TTnZ8srDmhEsx8vgdhvNaNYwnVDMexqZjRUQklnCETplfheNbpceOx6IwkKks8VWcgM38iL1MYnw=="
          },
          "ki": "4D58715553FB5864C9172AEC973B042ACEB413B5"
        }
      }
    ]
  }
}