{
  "offset": 0,
  "total": 7,
  "commands": [
    {
      "key": "command--1588256540--1--cmd-ca-repo-update",
      "actor": "krill",
      "timestamp": 1588256540074,
      "handle": "CA1",
      "version": 2,
      "sequence": 1,
      "summary": {
        "msg": "Update repo to embedded server",
        "label": "cmd-ca-repo-update",
        "args": {}
      },
      "effect": {
        "result": "success",
        "events": [
          1
        ]
      }
    },
    {
      "key": "command--1588256540--2--cmd-ca-parent-add",
      "actor": "krill",
      "timestamp": 1588256540516,
      "handle": "CA1",
      "version": 3,
      "sequence": 2,
      "summary": {
        "msg": "Add parent 'ta' as 'RFC 6492 Parent'",
        "label": "cmd-ca-parent-add",
        "args": {
          "parent": "ta",
          "parent_contact": "RFC 6492 Parent"
        }
      },
      "effect": {
        "result": "success",
        "events": [
          2
        ]
      }
    },
    {
      "key": "command--1588256541--3--cmd-ca-parent-entitlements",
      "actor": "krill",
      "timestamp": 1588256541086,
      "handle": "CA1",
      "version": 5,
      "sequence": 3,
      "summary": {
        "msg": "Update entitlements under parent 'ta': 0 => asn: , v4: 10.0.0.0/16, v6:  ",
        "label": "cmd-ca-parent-entitlements",
        "args": {
          "parent": "ta"
        }
      },
      "effect": {
        "result": "success",
        "events": [
          3,
          4
        ]
      }
    },
    {
      "key": "command--1588256541--4--cmd-ca-parent-entitlements",
      "actor": "krill",
      "timestamp": 1588256541306,
      "handle": "CA1",
      "version": 6,
      "sequence": 4,
      "summary": {
        "msg": "Update entitlements under parent 'ta': 0 => asn: , v4: 10.0.0.0/16, v6:  ",
        "label": "cmd-ca-parent-entitlements",
        "args": {
          "parent": "ta"
        }
      },
      "effect": {
        "result": "success",
        "events": [
          5
        ]
      }
    },
    {
      "key": "command--1588256541--5--cmd-ca-rcn-receive",
      "actor": "krill",
      "timestamp": 1588256541735,
      "handle": "CA1",
      "version": 7,
      "sequence": 5,
      "summary": {
        "msg": "Update received cert in RC '0', with resources 'asn: 0 blocks, v4: 1 blocks, v6: 0 blocks'",
        "label": "cmd-ca-rcn-receive",
        "args": {
          "asn_blocks": "0",
          "class_name": "0",
          "ipv4_blocks": "1",
          "ipv6_blocks": "0",
          "resources": "asn: , v4: 10.0.0.0/16, v6: "
        }
      },
      "effect": {
        "result": "success",
        "events": [
          6
        ]
      }
    },
    {
      "key": "command--1588256544--6--cmd-ca-child-add",
      "actor": "krill",
      "timestamp": 1588256544660,
      "handle": "CA1",
      "version": 8,
      "sequence": 6,
      "summary": {
        "msg": "Add child 'CA3' with RFC8183 key 'ea0f8ee6add9a1666082e35d65633d6c4d02882b' and resources 'asn: 0 blocks, v4: 1 blocks, v6: 0 blocks'",
        "label": "cmd-ca-child-add",
        "args": {
          "asn_blocks": "0",
          "child": "CA3",
          "id_key": "ea0f8ee6add9a1666082e35d65633d6c4d02882b",
          "ipv4_blocks": "1",
          "ipv6_blocks": "0",
          "resources": "asn: , v4: 10.0.0.0/16, v6: "
        }
      },
      "effect": {
        "result": "success",
        "events": [
          7
        ]
      }
    },
    {
      "key": "command--1588256545--7--cmd-ca-child-certify",
      "actor": "krill",
      "timestamp": 1588256545806,
      "handle": "CA1",
      "version": 10,
      "sequence": 7,
      "summary": {
        "msg": "Issue certificate to child 'CA3' for key '96BE452BC9A7092E4156D96DB8CFC7C89094FE5A'",
        "label": "cmd-ca-child-certify",
        "args": {
          "child": "CA3",
          "class_name": "0",
          "key": "96BE452BC9A7092E4156D96DB8CFC7C89094FE5A"
        }
      },
      "effect": {
        "result": "success",
        "events": [
          8,
          9
        ]
      }
    }
  ]
}