{
  "command": {
    "actor": "krill",
    "time": "2020-04-30T14:22:19.632303Z",
    "handle": "ta",
    "version": 3,
    "sequence": 2,
    "details": {
      "type": "make_trust_anchor"
    },
    "effect": {
      "result": "success",
      "events": [
        2
      ]
    }
  },
  "result": {
    "Events": [
      {
        "id": "ta",
        "version": 2,
        "details": {
          "type": "trust_anchor_made",
          "ta_cert_details": {
            "cert": "MIIIazCCB1OgAwIBAgIUER/NnZdAIqAInEPOkfkUK92eTMUwDQYJKoZIhvcNAQELBQAwggItMYICKTCCAiUGA1UEAxOCAhwzMDgyMDEwQTAyODIwMTAxMDBEMjhFOUY0MENENTkzRkYyRTUyMDk4NjgyODBDRDg0MEIxQUI4QzgwM0Q0QTE4MTg4OERERUNEN0IzNjM5NUZGMTdEQTU5MEI5M0U2NDg0NzE1QzQ0NEY0QzU5NTJERDI3MTU1QzZCQkE4RkI0MUIxREZBOTlDNkFDMjIwNEYxQzk3Q0Y5NzkxNjVGNTQwMzc5RTJDNDQ3NEU4QkZCQTY4NzdBQkEzNTEzNEQ5QTE4N0M3OTY5NjNGQkEyNEI4N0VDMTQ3RTEwOTAxMUEwMkU2RDA2QkNGQTJCRTU3OUJGQkVGMTVBRDQyQzA4QzQ2MkNEQkJCNUM4NkVDRENFQUU4RkMzREFCNjQ5QjE1NTc3QTBENEJGRTIzRDU0MzgyRDFCMTk5M0U3QjA3Q0RCRDc2RTVDRThFQjMxQkJFM0ZGRjZEMDAzNzI0NDhEMEFGODI2RDQ3M0NEMjQ3RTUzRDA5MjJCQTY0NzdCRkI0REQzMzVDM0ZCNEY0M0M1N0YwOEMwMzg0MjE5NkVBNjI4MUM2QzlGMDI1NkRDM0Q2Njg0MjI1MkQ5ODQ2OUVGOEUyQzM5RDA5MzBFMjdDNjUwQjc1MTdGOTQ2NEUxRDQ5M0YxOTAyMjMzMzU4RjM2MDhGRjdCM0E4NUQ3NDMyNTNBMzQzNjAwMDc1OEQzOEEwODc4MTAyMDMwMTAwMDEwIBcNMjAwNDMwMTQxNzE5WhgPMjEyMDA0MzAxNDIyMTlaMIICLTGCAikwggIlBgNVBAMTggIcMzA4MjAxMEEwMjgyMDEwMTAwRDI4RTlGNDBDRDU5M0ZGMkU1MjA5ODY4MjgwQ0Q4NDBCMUFCOEM4MDNENEExODE4ODhEREVDRDdCMzYzOTVGRjE3REE1OTBCOTNFNjQ4NDcxNUM0NDRGNEM1OTUyREQyNzE1NUM2QkJBOEZCNDFCMURGQTk5QzZBQzIyMDRGMUM5N0NGOTc5MTY1RjU0MDM3OUUyQzQ0NzRFOEJGQkE2ODc3QUJBMzUxMzREOUExODdDNzk2OTYzRkJBMjRCODdFQzE0N0UxMDkwMTFBMDJFNkQwNkJDRkEyQkU1NzlCRkJFRjE1QUQ0MkMwOEM0NjJDREJCQjVDODZFQ0RDRUFFOEZDM0RBQjY0OUIxNTU3N0EwRDRCRkUyM0Q1NDM4MkQxQjE5OTNFN0IwN0NEQkQ3NkU1Q0U4RUIzMUJCRTNGRkY2RDAwMzcyNDQ4RDBBRjgyNkQ0NzNDRDI0N0U1M0QwOTIyQkE2NDc3QkZCNEREMzM1QzNGQjRGNDNDNTdGMDhDMDM4NDIxOTZFQTYyODFDNkM5RjAyNTZEQzNENjY4NDIyNTJEOTg0NjlFRjhFMkMzOUQwOTMwRTI3QzY1MEI3NTE3Rjk0NjRFMUQ0OTNGMTkwMjIzMzM1OEYzNjA4RkY3QjNBODVENzQzMjUzQTM0MzYwMDA3NThEMzhBMDg3ODEwMjAzMDEwMDAxMIIBIjANBgkqhkiG9w0BAQEFAAOCAQ8AMIIBCgKCAQEA0o6fQM1ZP/LlIJhoKAzYQLGrjIA9ShgYiN3s17Njlf8X2lkLk+ZIRxXERPTFlS3ScVXGu6j7QbHfqZxqwiBPHJfPl5Fl9UA3nixEdOi/umh3q6NRNNmhh8eWlj+6JLh+wUfhCQEaAubQa8+ivleb++8VrULAjEYs27tchuzc6uj8PatkmxVXeg1L/iPVQ4LRsZk+ewfNvXblzo6zG74//20ANyRI0K+CbUc80kflPQkiumR3v7TdM1w/tPQ8V/CMA4QhlupigcbJ8CVtw9ZoQiUtmEae+OLDnQkw4nxlC3UX+UZOHUk/GQIjM1jzYI/3s6hddDJTo0NgAHWNOKCHgQIDAQABo4IBezCCAXcwDwYDVR0TAQH/BAUwAwEB/zAdBgNVHQ4EFgQUvuBADR671pU0To2x+oD0mfjHtCkwDgYDVR0PAQH/BAQDAgEGMIHOBggrBgEFBQcBCwSBwTCBvjAnBggrBgEFBQcwBYYbcnN5bmM6Ly9sb2NhbGhvc3QvcmVwby90YS8wMFQGCCsGAQUFBzAKhkhyc3luYzovL2xvY2FsaG9zdC9yZXBvL3RhLzAvQkVFMDQwMEQxRUJCRDY5NTM0NEU4REIxRkE4MEY0OTlGOEM3QjQyOS5tZnQwPQYIKwYBBQUHMA2GMWh0dHBzOi8vbG9jYWxob3N0OjMwMDAvdGVzdC1ycmRwL25vdGlmaWNhdGlvbi54bWwwGAYDVR0gAQH/BA4wDDAKBggrBgEFBQcOAjAnBggrBgEFBQcBBwEB/wQYMBYwCQQCAAEwAwMBADAJBAIAAjADAwEAMCEGCCsGAQUFBwEIAQH/BBIwEKAOMAwwCgIBAAIFAP////8wDQYJKoZIhvcNAQELBQADggEBAAdvXaDN95QSdu6EeCgts455alqQlpv54ivYw1ISQwr4goczkDdVcA2KvYy+t6OnrpWuH0iHvW/F/YGojlLJbfkuGHY5+iIyKN3CSMWKNLzPlT9A5Bs2PMBreQmhoPhvwALnVqKcUJXTAfQoz1Fsldyhm+4ZoYBtvSgI19ZXfjSAoAZggHGKVbeiWhFLbPileAwdpJdNBSKWW8y0a3wP4uo33qvjQ/cubQQXKQxH+mZ8GhCbI0z8x9IKtIlZb7fb85b1kIkUCfzyqvQnYgoyri+5BtlgXonN+o481kq7hh/bp0rHhReQPoUATndrSl4g1DYponF23INdwc5QRTLxwgI=",
            "resources": {
              "asn": "AS0-AS4294967295",
              "v4": "0.0.0.0/0",
              "v6": "::/0"
            },
            "tal": {
              "uris": [
                "https://localhost:3000/ta/ta.cer"
              ],
              "encoded_ski": "MIIBIjANBgkqhkiG9w0BAQEFAAOCAQ8AMIIBCgKCAQEA0o6fQM1ZP/LlIJhoKAzYQLGrjIA9ShgYiN3s17Njlf8X2lkLk+ZIRxXERPTFlS3ScVXGu6j7QbHfqZxqwiBPHJfPl5Fl9UA3nixEdOi/umh3q6NRNNmhh8eWlj+6JLh+wUfhCQEaAubQa8+ivleb++8VrULAjEYs27tchuzc6uj8PatkmxVXeg1L/iPVQ4LRsZk+ewfNvXblzo6zG74//20ANyRI0K+CbUc80kflPQkiumR3v7TdM1w/tPQ8V/CMA4QhlupigcbJ8CVtw9ZoQiUtmEae+OLDnQkw4nxlC3UX+UZOHUk/GQIjM1jzYI/3s6hddDJTo0NgAHWNOKCHgQIDAQAB"
            }
          }
        }
      }
    ]
  }
}