{
  "command": {
    "actor": "krill",
    "time": "2020-04-30T14:22:19.631091Z",
    "handle": "ta",
    "version": 1,
    "sequence": 1,
    "details": {
      "repo_update": null
    },
    "effect": {
      "events": [
        1
      ]
    }
  },
  "result": {
    "Events": [
      {
        "id": "ta",
        "version": 1,
        "details": {
          "repo_updated": {
            "type": "embedded",
            "info": {
              "base_uri": "rsync://localhost/repo/ta/",
              "rpki_notify": "https://localhost:3000/test-rrdp/notification.xml"
            }
          }
        }
      }
    ]
  }
}