{
  "offset": 0,
  "total": 7,
  "commands": [
    {
      "key": "command--1588256539--1--cmd-ca-repo-update",
      "actor": "krill",
      "timestamp": 1588256539631,
      "handle": "ta",
      "version": 2,
      "sequence": 1,
      "summary": {
        "msg": "Update repo to embedded server",
        "label": "cmd-ca-repo-update",
        "args": {}
      },
      "effect": {
        "result": "success",
        "events": [
          1
        ]
      }
    },
    {
      "key": "command--1588256539--2--cmd-ca-make-ta",
      "actor": "krill",
      "timestamp": 1588256539632,
      "handle": "ta",
      "version": 3,
      "sequence": 2,
      "summary": {
        "msg": "Turn into Trust Anchor",
        "label": "cmd-ca-make-ta",
        "args": {}
      },
      "effect": {
        "result": "success",
        "events": [
          2
        ]
      }
    },
    {
      "key": "command--1588256539--3--cmd-ca-rcn-receive",
      "actor": "krill",
      "timestamp": 1588256539769,
      "handle": "ta",
      "version": 4,
      "sequence": 3,
      "summary": {
        "msg": "Update received cert in RC '0', with resources 'asn: 1 blocks, v4: 1 blocks, v6: 1 blocks'",
        "label": "cmd-ca-rcn-receive",
        "args": {
          "asn_blocks": "1",
          "class_name": "0",
          "ipv4_blocks": "1",
          "ipv6_blocks": "1",
          "resources": "asn: AS0-AS4294967295, v4: 0.0.0.0/0, v6: ::/0"
        }
      },
      "effect": {
        "result": "success",
        "events": [
          3
        ]
      }
    },
    {
      "key": "command--1588256540--4--cmd-ca-child-add",
      "actor": "krill",
      "timestamp": 1588256540099,
      "handle": "ta",
      "version": 5,
      "sequence": 4,
      "summary": {
        "msg": "Add child 'CA1' with RFC8183 key '8a8bce7ed2818985c1c749bda9e2f88f37592400' and resources 'asn: 0 blocks, v4: 1 blocks, v6: 0 blocks'",
        "label": "cmd-ca-child-add",
        "args": {
          "asn_blocks": "0",
          "child": "CA1",
          "id_key": "8a8bce7ed2818985c1c749bda9e2f88f37592400",
          "ipv4_blocks": "1",
          "ipv6_blocks": "0",
          "resources": "asn: , v4: 10.0.0.0/16, v6: "
        }
      },
      "effect": {
        "result": "success",
        "events": [
          4
        ]
      }
    },
    {
      "key": "command--1588256541--5--cmd-ca-child-certify",
      "actor": "krill",
      "timestamp": 1588256541519,
      "handle": "ta",
      "version": 7,
      "sequence": 5,
      "summary": {
        "msg": "Issue certificate to child 'CA1' for key '4D58715553FB5864C9172AEC973B042ACEB413B5'",
        "label": "cmd-ca-child-certify",
        "args": {
          "child": "CA1",
          "class_name": "0",
          "key": "4D58715553FB5864C9172AEC973B042ACEB413B5"
        }
      },
      "effect": {
        "result": "success",
        "events": [
          5,
          6
        ]
      }
    },
    {
      "key": "command--1588256542--6--cmd-ca-child-add",
      "actor": "krill",
      "timestamp": 1588256542157,
      "handle": "ta",
      "version": 8,
      "sequence": 6,
      "summary": {
        "msg": "Add child 'CA2' with RFC8183 key '84bf5291fe7abb0be139537cba90cf92fe8560ee' and resources 'asn: 0 blocks, v4: 1 blocks, v6: 0 blocks'",
        "label": "cmd-ca-child-add",
        "args": {
          "asn_blocks": "0",
          "child": "CA2",
          "id_key": "84bf5291fe7abb0be139537cba90cf92fe8560ee",
          "ipv4_blocks": "1",
          "ipv6_blocks": "0",
          "resources": "asn: , v4: 10.1.0.0/16, v6: "
        }
      },
      "effect": {
        "result": "success",
        "events": [
          7
        ]
      }
    },
    {
      "key": "command--1588256543--7--cmd-ca-child-certify",
      "actor": "krill",
      "timestamp": 1588256543760,
      "handle": "ta",
      "version": 10,
      "sequence": 7,
      "summary": {
        "msg": "Issue certificate to child 'CA2' for key 'FE7805B8F0C16A0BF93B6CC8E53D57D39D856018'",
        "label": "cmd-ca-child-certify",
        "args": {
          "child": "CA2",
          "class_name": "0",
          "key": "FE7805B8F0C16A0BF93B6CC8E53D57D39D856018"
        }
      },
      "effect": {
        "result": "success",
        "events": [
          8,
          9
        ]
      }
    }
  ]
}