{
  "command": {
    "actor": "krill",
    "time": "2020-04-30T14:18:47.480208Z",
    "handle": "rfc6492",
    "version": 10,
    "sequence": 7,
    "details": {
      "type": "update_rcvd_cert",
      "resource_class_name": "0",
      "resources": {
        "asn": "",
        "v4": "10.0.0.0/16",
        "v6": ""
      }
    },
    "effect": {
      "result": "success",
      "events": [
        9
      ]
    }
  },
  "result": {
    "Events": [
      {
        "id": "rfc6492",
        "version": 9,
        "details": {
          "type": "key_pending_to_new",
          "resource_class_name": "0",
          "new_key": {
            "key_id": "708ED06424A43B08DF47839D995474F864321970",
            "incoming_cert": {
              "cert": "MIIHBjCCBe6gAwIBAgIUKHS41heqfkxABBAoeoXpVUpdO1YwDQYJKoZIhvcNAQELBQAwggItMYICKTCCAiUGA1UEAxOCAhwzMDgyMDEwQTAyODIwMTAxMDBDRTczOTUxNDkzQTdENjBEMUY0MEYxRTdDOTFFQ0I2MTdFQTAzMDA4RThCMDRDOUVFQjBBMjAzNEExQjc4MjY3Njk5REEwRjY4ODUwQUE1MjM1NTRCOUZENkIyODI0RTA1MEU0MEQ0M0NGRDEyNTQwMzAzOEUyNzhDNTYwNjZGN0ZFN0YyOUVCNjEwMDNCNTZGRjQxNTg1NEZCQkM0NDYzQkQ4QjcwQzk3RkEzMkJFMjNCN0I3RjkyRTZBRDkwMTNFMUI5RkY0NjRBOTIzM0JFN0NFQjU1ODQ4QTAyOUYyODVFOEE4MTFCNEI5QUJEMzcxNjc0NjhCQUVENDQwNDA4QjVFN0MyOUJDNThEMUZGMUIzNUI4Mjc2MjUzQUJCRTI2RDFBOUYwMzY5NUYxNDNBMDk4NUY3NEM2REM1QTI3MzE4ODhDNDZFNDJDMTZBNTdBQTc0Mzg2NjQ4N0U1QkJDMEZBNEI0MzNFNTg3Q0EzRkEzQzIxMDQ0RUUyRjRGNDlBNTgwQ0ZFRDg3OEFFQzYxQzIyODQ5ODFEQUVGOTIzRTU5QjM0REY5QjdDQjFBMjQwMEI3Q0M0NEVCNTIyRDgxRUVFNzY0REY5QTA4MjdCREUyMDkwREEyNkFFQjYzN0M1QzdDOTE5QTdCNURBMEI1M0M4NTgxOUZBM0EwNTJERjAyMDMwMTAwMDEwHhcNMjAwNDMwMTQxMzQ3WhcNMjEwNDMwMTQxODQ3WjAzMTEwLwYDVQQDEyg3MDhFRDA2NDI0QTQzQjA4REY0NzgzOUQ5OTU0NzRGODY0MzIxOTcwMIIBIjANBgkqhkiG9w0BAQEFAAOCAQ8AMIIBCgKCAQEA2350d72AyVb2to8xKy/MQNa6J8pBllrGgtq2GJKHzA2wg86RI9DFYX6eZ4CpguADzEzphGHuotIgFI8pD2ajFp+fzlmDXzfmpaxNUwy9HsSwfGw1KmmMNSmbIqobME7tWIxWKWwftsuHDdLGn/+uW+NFmb2UvCBS7gVlsRXDrdvtFQ99LADnm8wzzqGDcfaWKIs6LivN7QmOzoAygIhUj+RQ3ZVZ8OKg5xLT98dgAOQr9aJVUzrKYQz+RVtrP2uTGNF4guQwRrbn8n9O3oHbxMcr6sSSGnzJ5U4sKj8RAVdPzDeakW4aLkhPZ2WmlwYhRKbzWUMckJQpHZq3wgeYowIDAQABo4ICFDCCAhAwDwYDVR0TAQH/BAUwAwEB/zAdBgNVHQ4EFgQUcI7QZCSkOwjfR4OdmVR0+GQyGXAwHwYDVR0jBBgwFoAUoWXbzHxLPTh8KcIFFL5jRueGWGowDgYDVR0PAQH/BAQDAgEGMFkGA1UdHwRSMFAwTqBMoEqGSHJzeW5jOi8vbG9jYWxob3N0L3JlcG8vdGEvMC9BMTY1REJDQzdDNEIzRDM4N0MyOUMyMDUxNEJFNjM0NkU3ODY1ODZBLmNybDA8BggrBgEFBQcBAQQwMC4wLAYIKwYBBQUHMAKGIHJzeW5jOi8vbG9jYWxob3N0L3JlcG8vdGEvdGEuY2VyMIHZBggrBgEFBQcBCwSBzDCByTAtBggrBgEFBQcwBYYhcnN5bmM6Ly9sb2NhbGhvc3QvcmVwby9yZmM2NDkyLzAvMFkGCCsGAQUFBzAKhk1yc3luYzovL2xvY2FsaG9zdC9yZXBvL3JmYzY0OTIvMC83MDhFRDA2NDI0QTQzQjA4REY0NzgzOUQ5OTU0NzRGODY0MzIxOTcwLm1mdDA9BggrBgEFBQcwDYYxaHR0cHM6Ly9sb2NhbGhvc3Q6MzAwMC90ZXN0LXJyZHAvbm90aWZpY2F0aW9uLnhtbDAYBgNVHSABAf8EDjAMMAoGCCsGAQUFBw4CMB4GCCsGAQUFBwEHAQH/BA8wDTALBAIAATAFAwMACgAwDQYJKoZIhvcNAQELBQADggEBAFqFh7fABfZu1T/39IQ6BoQtRCESI0bQx6lVggRbs0jJTMGj+AfXwy00KVj1aJEthei0eqbLtpsT08fWfS2fNXskQNBetQ2nWhTV9+iuyX9+FO8Ebj+vCb0iXxA6vLzd6q6mskuY2LlXr2u8qX2c/xiGk7Kz/norxjr5k9LPDz6hQK9zDMW80BgB9d/DXQ8nyDXu245fgg7JYq62yDMWy8I8wWolvRXiQfA73e7UOZIR97hqF+G7FVM9GjtDgYMAe3rC5vvj/FZLh4fT0SeOphSmQkK51dK5jVlIOP00QaEBT7F1/5XmbpKpZCss+9vYVj7Yvau1U7Bpj8iVjxJOG0E=",
              "uri": "rsync://localhost/repo/ta/0/708ED06424A43B08DF47839D995474F864321970.cer",
              "resources": {
                "asn": "",
                "v4": "10.0.0.0/16",
                "v6": ""
              }
            },
            "request": null
          }
        }
      }
    ]
  }
}