{
  "command": {
    "actor": "krill",
    "time": "2020-04-30T14:18:45.978612Z",
    "handle": "rfc6492",
    "version": 9,
    "sequence": 6,
    "details": {
      "type": "key_roll_initiate",
      "older_than_seconds": 0
    },
    "effect": {
      "result": "success",
      "events": [
        7,
        8
      ]
    }
  },
  "result": {
    "Events": [
      {
        "id": "rfc6492",
        "version": 7,
        "details": {
          "type": "key_roll_pending_key_added",
          "resource_class_name": "0",
          "pending_key_id": "708ED06424A43B08DF47839D995474F864321970"
        }
      },
      {
        "id": "rfc6492",
        "version": 8,
        "details": {
          "type": "certificate_requested",
          "resource_class_name": "0",
          "req": {
            "class_name": "0",
            "limit": {
              "asn": "none",
              "v4": "none",
              "v6": "none"
            },
            "csr": "MIIDkTCCAnkCAQAwMzExMC8GA1UEAxMoNzA4RUQwNjQyNEE0M0IwOERGNDc4MzlEOTk1NDc0Rjg2NDMyMTk3MDCCASIwDQYJKoZIhvcNAQEBBQADggEPADCCAQoCggEBANt+dHe9gMlW9raPMSsvzEDWuifKQZZaxoLathiSh8wNsIPOkSPQxWF+nmeAqYLgA8xM6YRh7qLSIBSPKQ9moxafn85Zg1835qWsTVMMvR7EsHxsNSppjDUpmyKqGzBO7ViMVilsH7bLhw3Sxp//rlvjRZm9lLwgUu4FZbEVw63b7RUPfSwA55vMM86hg3H2liiLOi4rze0Jjs6AMoCIVI/kUN2VWfDioOcS0/fHYADkK/WiVVM6ymEM/kVbaz9rkxjReILkMEa25/J/Tt6B28THK+rEkhp8yeVOLCo/EQFXT8w3mpFuGi5IT2dlppcGIUSm81lDHJCUKR2at8IHmKMCAwEAAaCCARcwggETBgkqhkiG9w0BCQ4xggEEMIIBADAPBgNVHRMBAf8EBTADAQH/MA4GA1UdDwEB/wQEAwIBBjCB3AYIKwYBBQUHAQsBAQAEgcwwgckwLQYIKwYBBQUHMAWGIXJzeW5jOi8vbG9jYWxob3N0L3JlcG8vcmZjNjQ5Mi8wLzBZBggrBgEFBQcwCoZNcnN5bmM6Ly9sb2NhbGhvc3QvcmVwby9yZmM2NDkyLzAvNzA4RUQwNjQyNEE0M0IwOERGNDc4MzlEOTk1NDc0Rjg2NDMyMTk3MC5tZnQwPQYIKwYBBQUHMA2GMWh0dHBzOi8vbG9jYWxob3N0OjMwMDAvdGVzdC1ycmRwL25vdGlmaWNhdGlvbi54bWwwDQYJKoZIhvcNAQELBQADggEBAJ1IZ0S4xdj4mScVx7/QnDvYWb2vW/l9U2THELlB+c9e8IjRab5jqkPEsCd7Wt1Q/AGJv+nRJcb3wy8KAeWqjKjgZ0eM3elk5zOzSAa7QnIJ4ueslWpKonTDeVvAncC3uCaWgmeEpL2MKHayl0Jhs2++Cq5e4L2ndF4JlOeVp43mxoMc05XM9Fafpc0LTTXl0tWkAbBruyFjSCuXh3LNgMtyq1mZXxmemKHdZG3Q+kgjV68rN+q93t/OUyAJmrjVzNH2aZVQG6Juxr3ndYaGbeU++Lt5ufC1UgWyTCItM1hQzgEU0xCDuWt4+73O2Zh62vOnVSgFpxeO2ZnqlGX1UdA="
          },
          "ki": "708ED06424A43B08DF47839D995474F864321970"
        }
      }
    ]
  }
}