{
  "offset": 0,
  "total": 9,
  "commands": [
    {
      "key": "command--1588256323--1--cmd-ca-repo-update",
      "actor": "krill",
      "timestamp": 1588256323466,
      "handle": "rfc6492",
      "version": 2,
      "sequence": 1,
      "summary": {
        "msg": "Update repo to embedded server",
        "label": "cmd-ca-repo-update",
        "args": {}
      },
      "effect": {
        "result": "success",
        "events": [
          1
        ]
      }
    },
    {
      "key": "command--1588256323--2--cmd-ca-parent-add",
      "actor": "krill",
      "timestamp": 1588256323795,
      "handle": "rfc6492",
      "version": 3,
      "sequence": 2,
      "summary": {
        "msg": "Add parent 'ta' as 'RFC 6492 Parent'",
        "label": "cmd-ca-parent-add",
        "args": {
          "parent": "ta",
          "parent_contact": "RFC 6492 Parent"
        }
      },
      "effect": {
        "result": "success",
        "events": [
          2
        ]
      }
    },
    {
      "key": "command--1588256324--3--cmd-ca-parent-entitlements",
      "actor": "krill",
      "timestamp": 1588256324477,
      "handle": "rfc6492",
      "version": 5,
      "sequence": 3,
      "summary": {
        "msg": "Update entitlements under parent 'ta': 0 => asn: , v4: 10.0.0.0/16, v6:  ",
        "label": "cmd-ca-parent-entitlements",
        "args": {
          "parent": "ta"
        }
      },
      "effect": {
        "result": "success",
        "events": [
          3,
          4
        ]
      }
    },
    {
      "key": "command--1588256324--4--cmd-ca-parent-entitlements",
      "actor": "krill",
      "timestamp": 1588256324841,
      "handle": "rfc6492",
      "version": 6,
      "sequence": 4,
      "summary": {
        "msg": "Update entitlements under parent 'ta': 0 => asn: , v4: 10.0.0.0/16, v6:  ",
        "label": "cmd-ca-parent-entitlements",
        "args": {
          "parent": "ta"
        }
      },
      "effect": {
        "result": "success",
        "events": [
          5
        ]
      }
    },
    {
      "key": "command--1588256325--5--cmd-ca-rcn-receive",
      "actor": "krill",
      "timestamp": 1588256325239,
      "handle": "rfc6492",
      "version": 7,
      "sequence": 5,
      "summary": {
        "msg": "Update received cert in RC '0', with resources 'asn: 0 blocks, v4: 1 blocks, v6: 0 blocks'",
        "label": "cmd-ca-rcn-receive",
        "args": {
          "asn_blocks": "0",
          "class_name": "0",
          "ipv4_blocks": "1",
          "ipv6_blocks": "0",
          "resources": "asn: , v4: 10.0.0.0/16, v6: "
        }
      },
      "effect": {
        "result": "success",
        "events": [
          6
        ]
      }
    },
    {
      "key": "command--1588256325--6--cmd-ca-keyroll-init",
      "actor": "krill",
      "timestamp": 1588256325978,
      "handle": "rfc6492",
      "version": 9,
      "sequence": 6,
      "summary": {
        "msg": "Initiate key roll for keys older than '0' seconds",
        "label": "cmd-ca-keyroll-init",
        "args": {
          "seconds": "0"
        }
      },
      "effect": {
        "result": "success",
        "events": [
          7,
          8
        ]
      }
    },
    {
      "key": "command--1588256327--7--cmd-ca-rcn-receive",
      "actor": "krill",
      "timestamp": 1588256327480,
      "handle": "rfc6492",
      "version": 10,
      "sequence": 7,
      "summary": {
        "msg": "Update received cert in RC '0', with resources 'asn: 0 blocks, v4: 1 blocks, v6: 0 blocks'",
        "label": "cmd-ca-rcn-receive",
        "args": {
          "asn_blocks": "0",
          "class_name": "0",
          "ipv4_blocks": "1",
          "ipv6_blocks": "0",
          "resources": "asn: , v4: 10.0.0.0/16, v6: "
        }
      },
      "effect": {
        "result": "success",
        "events": [
          9
        ]
      }
    },
    {
      "key": "command--1588256328--8--cmd-ca-keyroll-activate",
      "actor": "krill",
      "timestamp": 1588256328610,
      "handle": "rfc6492",
      "version": 11,
      "sequence": 8,
      "summary": {
        "msg": "Activate new keys staging longer than '0' seconds",
        "label": "cmd-ca-keyroll-activate",
        "args": {
          "seconds": "0"
        }
      },
      "effect": {
        "result": "success",
        "events": [
          10
        ]
      }
    },
    {
      "key": "command--1588256330--9--cmd-ca-keyroll-finish",
      "actor": "krill",
      "timestamp": 1588256330538,
      "handle": "rfc6492",
      "version": 12,
      "sequence": 9,
      "summary": {
        "msg": "Retire old revoked key in RC '0'",
        "label": "cmd-ca-keyroll-finish",
        "args": {
          "class_name": "0"
        }
      },
      "effect": {
        "result": "success",
        "events": [
          11
        ]
      }
    }
  ]
}