{
  "command": {
    "actor": "krill",
    "time": "2020-04-30T14:37:21.983396Z",
    "handle": "child",
    "version": 6,
    "sequence": 4,
    "details": {
      "type": "update_resource_entitlements",
      "parent": "ta",
      "entitlements": [
        {
          "resource_class_name": "0",
          "resources": {
            "asn": "",
            "v4": "10.0.0.0/16",
            "v6": ""
          }
        }
      ]
    },
    "effect": {
      "result": "success",
      "events": [
        5
      ]
    }
  },
  "result": {
    "Events": [
      {
        "id": "child",
        "version": 5,
        "details": {
          "type": "certificate_requested",
          "resource_class_name": "0",
          "req": {
            "class_name": "0",
            "limit": {
              "asn": "none",
              "v4": "none",
              "v6": "none"
            },
            "csr": "MIIDizCCAnMCAQAwMzExMC8GA1UEAxMoQTJDMzk3Qjc3RUMxRkFCQUY2MTJFMkRCNTc5MEUxN0JBMUQ4RTdGMDCCASIwDQYJKoZIhvcNAQEBBQADggEPADCCAQoCggEBANjGyFnPYAZ37Q+vQzn8QZY61i0XdT72+aSKwB1HZmVSyeFzHnD3/YxW4karpZDCAaijX6rfY4NTx5hJqxdzNm2QEWkMzW0xBW2j983fRicTURHH+M1U07BI+CcH3jqxeQOBImPtAEdw0USfCZYAzkByG4g9AjdsLPcHaEPTy/WhdEz2r9BkcTfEDjXtwbxdlDSldu/YoRDFAo4U4ONTscoGQ7y5vo9UIVpd3jMdlxOcv4D3bS0wzM2sjI+yRtQjFM6HUzpde4BacwCtWJpW5EI5RhuA7hunZv1XbzfwsWmWmUiT7X9+YmLiTjOvyLJe7DDRbh1sXTSQXa2rE5WSddMCAwEAAaCCAREwggENBgkqhkiG9w0BCQ4xgf8wgfwwDwYDVR0TAQH/BAUwAwEB/zAOBgNVHQ8BAf8EBAMCAQYwgdgGCCsGAQUFBwELAQEABIHIMIHFMCsGCCsGAQUFBzAFhh9yc3luYzovL2xvY2FsaG9zdC9yZXBvL2NoaWxkLzAvMFcGCCsGAQUFBzAKhktyc3luYzovL2xvY2FsaG9zdC9yZXBvL2NoaWxkLzAvQTJDMzk3Qjc3RUMxRkFCQUY2MTJFMkRCNTc5MEUxN0JBMUQ4RTdGMC5tZnQwPQYIKwYBBQUHMA2GMWh0dHBzOi8vbG9jYWxob3N0OjMwMDAvdGVzdC1ycmRwL25vdGlmaWNhdGlvbi54bWwwDQYJKoZIhvcNAQELBQADggEBAJMhj8UKEMfytau2rbTog5gtpKLRlLZ+jqNdmx965zdHH3HfbrzpKC0PkjY9/yhQtnlezEq+T7bWcqzrrtbMUR/byxTsqUfQlIqKWuDGzGEvFqNZAX+CcATu4uLVXE1O+kAmNpZy8YS7FYBfnAy8m5ir62sZMpv2YtvpYR8VbKHGovCtLrbhElyteqVr9WFyGOmKTYJsu7jY3uzPPtO684nKmO39A6ZYP5+l4moTQJnskArT+7524RJKFcSCfgx1dgOA9eTEWdOIsEOFxfgGpzA1X4ryPoTSwAVG5BUgCxACpftsa0uTkPvCJwey2AtOcSKMNBGGqdy/+PgBR9E8IJk="
          },
          "ki": "A2C397B77EC1FABAF612E2DB5790E17BA1D8E7F0"
        }
      }
    ]
  }
}