{
  "command": {
    "actor": "krill",
    "time": "2020-04-30T14:37:25.837504Z",
    "handle": "child",
    "version": 19,
    "sequence": 11,
    "details": {
      "type": "update_rcvd_cert",
      "resource_class_name": "0",
      "resources": {
        "asn": "",
        "v4": "10.0.0.0/16",
        "v6": ""
      }
    },
    "effect": {
      "result": "success",
      "events": [
        18
      ]
    }
  },
  "result": {
    "Events": [
      {
        "id": "child",
        "version": 18,
        "details": {
          "type": "certificate_received",
          "resource_class_name": "0",
          "rcvd_cert": {
            "cert": "MIIHAjCCBeqgAwIBAgIUYiU/hBJ1065Kf+fgQoPaoeXCakwwDQYJKoZIhvcNAQELBQAwggItMYICKTCCAiUGA1UEAxOCAhwzMDgyMDEwQTAyODIwMTAxMDBFMERBQ0E1QUYyNDk5OENGRDY3N0QxQjg0NjYzRDM5RkYzOENDNDA4N0IyNUI4NjEzRkM2RDBFMTkzMjNBMjAyN0ZEQzI4RkM0MURGOTc1NjQ2OUFCNzFDQUE5NDNFNDIxMTgyQjBGQTNFOThCODkyRjU3MjZEQUM0OTA1NkQxODNFNzEzMzc3M0U3NjNCRTJFNzU5RDg2NjM4MjlGQTY4MTBGOUVGNzdFMTZCNDM0REVCNTU1RTg0MjE0QUVBNEU5RjM4MTA1REQ5N0IwOTNCQUFGMkFBMzA3ODdCNkI0NjRFODVFNzBEQkQ5Nzk4MzZEN0IxRkY5Qjk0QjI3OUVFMjMxNjdGQ0Q5NjJGNDdGOTk2NDA3NjU5Q0MwMEIwNkUwRjA5QUVGQ0QyOTVEQzA0MENFN0ZCNTg5NDZEOUNBRDNCQTFGRjAyNzMxQTVDNDk3MjMzODgwQjVDMkVCRUE0QUM0NDkwQ0JGNjcyNzEzNUNCNzRDOEJFN0Q1MEJENkFDMTE1ODdCODcyQUY3QTUwREM0NzkzNTI2ODlFQTQ4RkNBQzZDQkY2RUQxMTlBOTkyQTlFNTJGQjAwOEZGNTk0NzlDMEU2MzE1QUExRjk4NzA5N0Y5RUU0QzRGRDhBREY2RjJBOUFGNDE5NjI2OUM1RjAyNjAyNUMyNDA3OEQzNzAyMDMwMTAwMDEwHhcNMjAwNDMwMTQzMjI1WhcNMjEwNDMwMTQzNzI1WjAzMTEwLwYDVQQDEyhBMkMzOTdCNzdFQzFGQUJBRjYxMkUyREI1NzkwRTE3QkExRDhFN0YwMIIBIjANBgkqhkiG9w0BAQEFAAOCAQ8AMIIBCgKCAQEA2MbIWc9gBnftD69DOfxBljrWLRd1Pvb5pIrAHUdmZVLJ4XMecPf9jFbiRqulkMIBqKNfqt9jg1PHmEmrF3M2bZARaQzNbTEFbaP3zd9GJxNREcf4zVTTsEj4JwfeOrF5A4EiY+0AR3DRRJ8JlgDOQHIbiD0CN2ws9wdoQ9PL9aF0TPav0GRxN8QONe3BvF2UNKV279ihEMUCjhTg41OxygZDvLm+j1QhWl3eMx2XE5y/gPdtLTDMzayMj7JG1CMUzodTOl17gFpzAK1YmlbkQjlGG4DuG6dm/VdvN/CxaZaZSJPtf35iYuJOM6/Isl7sMNFuHWxdNJBdrasTlZJ10wIDAQABo4ICEDCCAgwwDwYDVR0TAQH/BAUwAwEB/zAdBgNVHQ4EFgQUosOXt37B+rr2EuLbV5Dhe6HY5/AwHwYDVR0jBBgwFoAUcDye65zbxg1iCQxhf7l/FlMd9oMwDgYDVR0PAQH/BAQDAgEGMFkGA1UdHwRSMFAwTqBMoEqGSHJzeW5jOi8vbG9jYWxob3N0L3JlcG8vdGEvMC83MDNDOUVFQjlDREJDNjBENjIwOTBDNjE3RkI5N0YxNjUzMURGNjgzLmNybDA8BggrBgEFBQcBAQQwMC4wLAYIKwYBBQUHMAKGIHJzeW5jOi8vbG9jYWxob3N0L3JlcG8vdGEvdGEuY2VyMIHVBggrBgEFBQcBCwSByDCBxTArBggrBgEFBQcwBYYfcnN5bmM6Ly9sb2NhbGhvc3QvcmVwby9jaGlsZC8wLzBXBggrBgEFBQcwCoZLcnN5bmM6Ly9sb2NhbGhvc3QvcmVwby9jaGlsZC8wL0EyQzM5N0I3N0VDMUZBQkFGNjEyRTJEQjU3OTBFMTdCQTFEOEU3RjAubWZ0MD0GCCsGAQUFBzANhjFodHRwczovL2xvY2FsaG9zdDozMDAwL3Rlc3QtcnJkcC9ub3RpZmljYXRpb24ueG1sMBgGA1UdIAEB/wQOMAwwCgYIKwYBBQUHDgIwHgYIKwYBBQUHAQcBAf8EDzANMAsEAgABMAUDAwAKADANBgkqhkiG9w0BAQsFAAOCAQEAsvH//OyRuUq8QPdXAW6TdR9UmTiLgKCz9rBiltkqEilssjIZyoSmyIvZvCpCfH3IQcFGqbXClf+ZODHgg1g5OccWc8O4oCF2CEDZkGGzw1BxBvSpDd3bwqd7P1h75Q72dXhTYchQPVUUtksLe7sOCyFbNxj8VB5ccXo0zUFwMGRZiI+WKucbt1ngIcCSKpHqyLBwsoq83K9DwDJ1ij4/040hPp0Svf+2uF3gKLg04I234KkrNB2oFdROhfxXzlLDxPRpBI8Sh3GfzE2EVffcU8Ldh6wGggDc43WgbQn0/66ARd0GPxap/JMP15RRXY5XIUQ0G4zdJeL+nh/AtOaZjg==",
            "uri": "rsync://localhost/repo/ta/0/A2C397B77EC1FABAF612E2DB5790E17BA1D8E7F0.cer",
            "resources": {
              "asn": "",
              "v4": "10.0.0.0/16",
              "v6": ""
            }
          },
          "ki": "A2C397B77EC1FABAF612E2DB5790E17BA1D8E7F0"
        }
      }
    ]
  }
}