{
  "offset": 0,
  "total": 12,
  "commands": [
    {
      "key": "command--1588257441--1--cmd-ca-repo-update",
      "actor": "krill",
      "timestamp": 1588257441234,
      "handle": "child",
      "version": 2,
      "sequence": 1,
      "summary": {
        "msg": "Update repo to embedded server",
        "label": "cmd-ca-repo-update",
        "args": {}
      },
      "effect": {
        "result": "success",
        "events": [
          1
        ]
      }
    },
    {
      "key": "command--1588257441--2--cmd-ca-parent-add",
      "actor": "krill",
      "timestamp": 1588257441262,
      "handle": "child",
      "version": 3,
      "sequence": 2,
      "summary": {
        "msg": "Add parent 'ta' as 'Embedded parent'",
        "label": "cmd-ca-parent-add",
        "args": {
          "parent": "ta",
          "parent_contact": "Embedded parent"
        }
      },
      "effect": {
        "result": "success",
        "events": [
          2
        ]
      }
    },
    {
      "key": "command--1588257441--3--cmd-ca-parent-entitlements",
      "actor": "krill",
      "timestamp": 1588257441942,
      "handle": "child",
      "version": 5,
      "sequence": 3,
      "summary": {
        "msg": "Update entitlements under parent 'ta': 0 => asn: , v4: 10.0.0.0/16, v6:  ",
        "label": "cmd-ca-parent-entitlements",
        "args": {
          "parent": "ta"
        }
      },
      "effect": {
        "result": "success",
        "events": [
          3,
          4
        ]
      }
    },
    {
      "key": "command--1588257441--4--cmd-ca-parent-entitlements",
      "actor": "krill",
      "timestamp": 1588257441983,
      "handle": "child",
      "version": 6,
      "sequence": 4,
      "summary": {
        "msg": "Update entitlements under parent 'ta': 0 => asn: , v4: 10.0.0.0/16, v6:  ",
        "label": "cmd-ca-parent-entitlements",
        "args": {
          "parent": "ta"
        }
      },
      "effect": {
        "result": "success",
        "events": [
          5
        ]
      }
    },
    {
      "key": "command--1588257442--5--cmd-ca-rcn-receive",
      "actor": "krill",
      "timestamp": 1588257442106,
      "handle": "child",
      "version": 7,
      "sequence": 5,
      "summary": {
        "msg": "Update received cert in RC '0', with resources 'asn: 0 blocks, v4: 1 blocks, v6: 0 blocks'",
        "label": "cmd-ca-rcn-receive",
        "args": {
          "asn_blocks": "0",
          "class_name": "0",
          "ipv4_blocks": "1",
          "ipv6_blocks": "0",
          "resources": "asn: , v4: 10.0.0.0/16, v6: "
        }
      },
      "effect": {
        "result": "success",
        "events": [
          6
        ]
      }
    },
    {
      "key": "command--1588257442--6--cmd-ca-roas-updated",
      "actor": "krill",
      "timestamp": 1588257442337,
      "handle": "child",
      "version": 10,
      "sequence": 6,
      "summary": {
        "msg": "Update ROAs  ADD: 10.0.2.0/23 => 64496 10.0.0.0/24 => 64496",
        "label": "cmd-ca-roas-updated",
        "args": {
          "added": "2",
          "removed": "0"
        }
      },
      "effect": {
        "result": "success",
        "events": [
          7,
          8,
          9
        ]
      }
    },
    {
      "key": "command--1588257442--7--cmd-ca-repo-update",
      "actor": "krill",
      "timestamp": 1588257442708,
      "handle": "child",
      "version": 13,
      "sequence": 7,
      "summary": {
        "msg": "Update repo to server at: https://localhost:3001/rfc8181/child",
        "label": "cmd-ca-repo-update",
        "args": {
          "service_uri": "https://localhost:3001/rfc8181/child"
        }
      },
      "effect": {
        "result": "success",
        "events": [
          10,
          11,
          12
        ]
      }
    },
    {
      "key": "command--1588257444--8--cmd-ca-rcn-receive",
      "actor": "krill",
      "timestamp": 1588257444143,
      "handle": "child",
      "version": 14,
      "sequence": 8,
      "summary": {
        "msg": "Update received cert in RC '0', with resources 'asn: 0 blocks, v4: 1 blocks, v6: 0 blocks'",
        "label": "cmd-ca-rcn-receive",
        "args": {
          "asn_blocks": "0",
          "class_name": "0",
          "ipv4_blocks": "1",
          "ipv6_blocks": "0",
          "resources": "asn: , v4: 10.0.0.0/16, v6: "
        }
      },
      "effect": {
        "result": "success",
        "events": [
          13
        ]
      }
    },
    {
      "key": "command--1588257444--9--cmd-ca-repo-clean",
      "actor": "krill",
      "timestamp": 1588257444169,
      "handle": "child",
      "version": 15,
      "sequence": 9,
      "summary": {
        "msg": "Clean up old repository",
        "label": "cmd-ca-repo-clean",
        "args": {}
      },
      "effect": {
        "result": "success",
        "events": [
          14
        ]
      }
    },
    {
      "key": "command--1588257444--10--cmd-ca-repo-update",
      "actor": "krill",
      "timestamp": 1588257444541,
      "handle": "child",
      "version": 18,
      "sequence": 10,
      "summary": {
        "msg": "Update repo to server at: https://localhost:3000/rfc8181/child",
        "label": "cmd-ca-repo-update",
        "args": {
          "service_uri": "https://localhost:3000/rfc8181/child"
        }
      },
      "effect": {
        "result": "success",
        "events": [
          15,
          16,
          17
        ]
      }
    },
    {
      "key": "command--1588257445--11--cmd-ca-rcn-receive",
      "actor": "krill",
      "timestamp": 1588257445837,
      "handle": "child",
      "version": 19,
      "sequence": 11,
      "summary": {
        "msg": "Update received cert in RC '0', with resources 'asn: 0 blocks, v4: 1 blocks, v6: 0 blocks'",
        "label": "cmd-ca-rcn-receive",
        "args": {
          "asn_blocks": "0",
          "class_name": "0",
          "ipv4_blocks": "1",
          "ipv6_blocks": "0",
          "resources": "asn: , v4: 10.0.0.0/16, v6: "
        }
      },
      "effect": {
        "result": "success",
        "events": [
          18
        ]
      }
    },
    {
      "key": "command--1588257446--12--cmd-ca-repo-clean",
      "actor": "krill",
      "timestamp": 1588257446682,
      "handle": "child",
      "version": 20,
      "sequence": 12,
      "summary": {
        "msg": "Clean up old repository",
        "label": "cmd-ca-repo-clean",
        "args": {}
      },
      "effect": {
        "result": "success",
        "events": [
          19
        ]
      }
    }
  ]
}