{
  "command": {
    "actor": "krill",
    "time": "2020-04-30T14:18:50.148187Z",
    "handle": "ta",
    "version": 11,
    "sequence": 7,
    "details": {
      "type": "child_revoke_key",
      "child": "rfc6492",
      "revoke_req": {
        "class_name": "0",
        "key": "5D3CDDC79F0F00FD59E1312472F996057878CF76"
      }
    },
    "effect": {
      "result": "success",
      "events": [
        9,
        10
      ]
    }
  },
  "result": {
    "Events": [
      {
        "id": "ta",
        "version": 9,
        "details": {
          "type": "child_key_revoked",
          "child": "rfc6492",
          "resource_class_name": "0",
          "ki": "5D3CDDC79F0F00FD59E1312472F996057878CF76"
        }
      },
      {
        "id": "ta",
        "version": 10,
        "details": {
          "type": "child_certificates_updated",
          "resource_class_name": "0",
          "updates": {
            "issued": [],
            "removed": [
              "5D3CDDC79F0F00FD59E1312472F996057878CF76"
            ]
          }
        }
      }
    ]
  }
}