{
  "command": {
    "actor": "krill",
    "time": "2020-04-28T13:28:03.281524Z",
    "handle": "ta",
    "version": 10,
    "sequence": 7,
    "details": {
      "type": "child_certify",
      "child": "child",
      "resource_class_name": "0",
      "limit": {
        "asn": "none",
        "v4": "none",
        "v6": "none"
      },
      "ki": "77AA69E9571D1DD092F7331CF7157D07B5E8997B"
    },
    "effect": {
      "result": "success",
      "events": [
        8,
        9
      ]
    }
  },
  "result": {
    "Events": [
      {
        "id": "ta",
        "version": 8,
        "details": {
          "type": "child_certificate_issued",
          "child": "child",
          "resource_class_name": "0",
          "ki": "77AA69E9571D1DD092F7331CF7157D07B5E8997B"
        }
      },
      {
        "id": "ta",
        "version": 9,
        "details": {
          "type": "child_certificates_updated",
          "resource_class_name": "0",
          "updates": {
            "issued": [
              {
                "uri": "rsync://localhost/repo/ta/0/77AA69E9571D1DD092F7331CF7157D07B5E8997B.cer",
                "limit": {
                  "asn": "none",
                  "v4": "none",
                  "v6": "none"
                },
                "resource_set": {
                  "asn": "",
                  "v4": "192.168.0.0/16",
                  "v6": ""
                },
                "cert": "MIIHAjCCBeqgAwIBAgIUO+L6AGPqhZyMkWlflYKKfxo4/MUwDQYJKoZIhvcNAQELBQAwggItMYICKTCCAiUGA1UEAxOCAhwzMDgyMDEwQTAyODIwMTAxMDBENTcwNTJGM0Y3RTI5OTFFNDIyMUQ1NzREMDg5NDc2QjUyMjQxOTJDRjY3N0M5MzkyMjEzMTRFNUU3QTdBNDhBNDFDRkY4QkFBNUU1ODRGMTlEMEU4MkVDRkQ5RDI5Qjg5MTk3MEZCQzRBNTNDREY4NkY2NjVBQURCODM0RDNCQTVCMzU3RTc4RTc3RUQzNTA3QkJFNUY5NUYxNUQ5NzZBNDcwRjdGNzI1NjBEM0EyNTBFM0YwRTU3QzQ5RkMzNEE4MjI2OUREQjYxNDE0NUM5MjBGNEFCRTI2MjM3RTMzMDYyNDYxMTNGNDBFNDc2NTc2QTQ3QzcxNDYxOUU3RUM2ODQzQkM3NkY3RUVBOThGNjY4MzJFQUYwQzE4ODgwREQ1NzQ5RUFFMTMzRTlENzFDNjYxRUM0QkEyNUNCMTk2MDY1Q0IwNDlFRTMyQzFFMjhEOUIwNDE3OEQwMkUzNUFGNTQ0NEQ4RjVDRDU0QzUyMjNENURENjg4MDk3ODFDMDE2NERDMjYzMkRENjc5ODYxNUE2QTFFNEUyRjZFMjI1MDM1M0ExMjMyNzI2Q0FFQzE3MTgzODEyN0U1REM1OEI0NUMyOUI3MUM1MEYxMDU1MjE2NTBFNTkzMjIwQTU2QTkwQjczNEJDODA4MjVDOURDRjIzQUVFNUUxNzcxRDJFOTAyMDMwMTAwMDEwHhcNMjAwNDI4MTMyMzAzWhcNMjEwNDI4MTMyODAzWjAzMTEwLwYDVQQDEyg3N0FBNjlFOTU3MUQxREQwOTJGNzMzMUNGNzE1N0QwN0I1RTg5OTdCMIIBIjANBgkqhkiG9w0BAQEFAAOCAQ8AMIIBCgKCAQEAxfzcrut62t49w60FaZK5SH4hwuRpgfe/PEPrQiJQ6J+812f+ZL3hxchyMwj5rcfAU0tMVrwKBdeZcfLhM7WsUZ4z11edOK4bCDkdLRUwCOdFp4emOCnQz+OFQNB7gRmGy+vmAe4z2E6MsGKI5JmqFF5g5RfYUPcLOsC0vuq9Kos2/bKuYl7YTUkJmIvxOEkbhiNpTD8yo4u/W+qWLZKRsZgvgTJ49QXYPsD7lXSCBmhypwfpEW6+2eIm5sqaN20RcIknW9ZISrT0KHi2oNdKrJIIGMtjyoeU4BrEcsNvDT9yLxM/Ztlhi7Hf6SL0ftN53SMHiv2LdsdpsArH8jSm7QIDAQABo4ICEDCCAgwwDwYDVR0TAQH/BAUwAwEB/zAdBgNVHQ4EFgQUd6pp6VcdHdCS9zMc9xV9B7XomXswHwYDVR0jBBgwFoAUbKywsyXpTjVWMCm+YXmGJbjPRHswDgYDVR0PAQH/BAQDAgEGMFkGA1UdHwRSMFAwTqBMoEqGSHJzeW5jOi8vbG9jYWxob3N0L3JlcG8vdGEvMC82Q0FDQjBCMzI1RTk0RTM1NTYzMDI5QkU2MTc5ODYyNUI4Q0Y0NDdCLmNybDA8BggrBgEFBQcBAQQwMC4wLAYIKwYBBQUHMAKGIHJzeW5jOi8vbG9jYWxob3N0L3JlcG8vdGEvdGEuY2VyMIHVBggrBgEFBQcBCwSByDCBxTArBggrBgEFBQcwBYYfcnN5bmM6Ly9sb2NhbGhvc3QvcmVwby9jaGlsZC8wLzBXBggrBgEFBQcwCoZLcnN5bmM6Ly9sb2NhbGhvc3QvcmVwby9jaGlsZC8wLzc3QUE2OUU5NTcxRDFERDA5MkY3MzMxQ0Y3MTU3RDA3QjVFODk5N0IubWZ0MD0GCCsGAQUFBzANhjFodHRwczovL2xvY2FsaG9zdDozMDAwL3Rlc3QtcnJkcC9ub3RpZmljYXRpb24ueG1sMBgGA1UdIAEB/wQOMAwwCgYIKwYBBQUHDgIwHgYIKwYBBQUHAQcBAf8EDzANMAsEAgABMAUDAwDAqDANBgkqhkiG9w0BAQsFAAOCAQEATurNZ188yJutuwLrTrzGeZf2JBK59SOwdiX7aPaqKNZEt0S2i+xs9cdECmdCTjG7YzDmehir6I5BXL7f0wyBR5aI/ygMEhWp1UQtGeofY9c+eCqDA8WLgAY/mR/eCb2mYce+fshbr0fzuR9xQIE3IlNvLduDcw780T1Egw1uAOV30WRE7xkkepQPxKP4LvGQrs3Zu8PKNs60gKQw1MlQE3AYPNez+6Mt+mqjf/bQr04KiNUNxkzT4Dlp+NqL0xJbluxYKsD7Bwta9lwTBPi9rjWr3AOkMPtja29R1k1EAlx73KHsZzMWR7ONeaPZMIvR+Qbv+eZTBvvO112fjPHNVg==",
                "replaces": {
                  "revocation": {
                    "serial": "253848166670994809533606324635587824513509576151",
                    "expires": "2021-04-28T13:28:00Z"
                  },
                  "hash": "47368deff188d59546bd59df97303f721462903d600cdac97aec63f499cbb982"
                }
              }
            ],
            "removed": []
          }
        }
      }
    ]
  }
}