{
  "command": {
    "actor": "krill",
    "time": "2020-04-28T13:27:58.633370Z",
    "handle": "ta",
    "version": 2,
    "sequence": 1,
    "details": {
      "type": "repo_update",
      "service_uri": null
    },
    "effect": {
      "result": "success",
      "events": [
        1
      ]
    }
  },
  "result": {
    "Events": [
      {
        "id": "ta",
        "version": 1,
        "details": {
          "type": "repo_updated",
          "contact": {
            "type": "embedded",
            "info": {
              "base_uri": "rsync://localhost/repo/ta/",
              "rpki_notify": "https://localhost:3000/test-rrdp/notification.xml"
            }
          }
        }
      }
    ]
  }
}