{
  "command": {
    "actor": "krill",
    "time": "2020-04-28T13:28:00.222723Z",
    "handle": "ta",
    "version": 7,
    "sequence": 5,
    "details": {
      "type": "child_certify",
      "child": "child",
      "resource_class_name": "0",
      "limit": {
        "asn": "none",
        "v4": "none",
        "v6": "none"
      },
      "ki": "77AA69E9571D1DD092F7331CF7157D07B5E8997B"
    },
    "effect": {
      "result": "success",
      "events": [
        5,
        6
      ]
    }
  },
  "result": {
    "Events": [
      {
        "id": "ta",
        "version": 5,
        "details": {
          "type": "child_certificate_issued",
          "child": "child",
          "resource_class_name": "0",
          "ki": "77AA69E9571D1DD092F7331CF7157D07B5E8997B"
        }
      },
      {
        "id": "ta",
        "version": 6,
        "details": {
          "type": "child_certificates_updated",
          "resource_class_name": "0",
          "updates": {
            "issued": [
              {
                "uri": "rsync://localhost/repo/ta/0/77AA69E9571D1DD092F7331CF7157D07B5E8997B.cer",
                "limit": {
                  "asn": "none",
                  "v4": "none",
                  "v6": "none"
                },
                "resource_set": {
                  "asn": "",
                  "v4": "10.0.0.0/16",
                  "v6": "2001:db8::/32"
                },
                "cert": "MIIHETCCBfmgAwIBAgIULHbyCriLFMUL3f7w/VSvoDONTdcwDQYJKoZIhvcNAQELBQAwggItMYICKTCCAiUGA1UEAxOCAhwzMDgyMDEwQTAyODIwMTAxMDBENTcwNTJGM0Y3RTI5OTFFNDIyMUQ1NzREMDg5NDc2QjUyMjQxOTJDRjY3N0M5MzkyMjEzMTRFNUU3QTdBNDhBNDFDRkY4QkFBNUU1ODRGMTlEMEU4MkVDRkQ5RDI5Qjg5MTk3MEZCQzRBNTNDREY4NkY2NjVBQURCODM0RDNCQTVCMzU3RTc4RTc3RUQzNTA3QkJFNUY5NUYxNUQ5NzZBNDcwRjdGNzI1NjBEM0EyNTBFM0YwRTU3QzQ5RkMzNEE4MjI2OUREQjYxNDE0NUM5MjBGNEFCRTI2MjM3RTMzMDYyNDYxMTNGNDBFNDc2NTc2QTQ3QzcxNDYxOUU3RUM2ODQzQkM3NkY3RUVBOThGNjY4MzJFQUYwQzE4ODgwREQ1NzQ5RUFFMTMzRTlENzFDNjYxRUM0QkEyNUNCMTk2MDY1Q0IwNDlFRTMyQzFFMjhEOUIwNDE3OEQwMkUzNUFGNTQ0NEQ4RjVDRDU0QzUyMjNENURENjg4MDk3ODFDMDE2NERDMjYzMkRENjc5ODYxNUE2QTFFNEUyRjZFMjI1MDM1M0ExMjMyNzI2Q0FFQzE3MTgzODEyN0U1REM1OEI0NUMyOUI3MUM1MEYxMDU1MjE2NTBFNTkzMjIwQTU2QTkwQjczNEJDODA4MjVDOURDRjIzQUVFNUUxNzcxRDJFOTAyMDMwMTAwMDEwHhcNMjAwNDI4MTMyMzAwWhcNMjEwNDI4MTMyODAwWjAzMTEwLwYDVQQDEyg3N0FBNjlFOTU3MUQxREQwOTJGNzMzMUNGNzE1N0QwN0I1RTg5OTdCMIIBIjANBgkqhkiG9w0BAQEFAAOCAQ8AMIIBCgKCAQEAxfzcrut62t49w60FaZK5SH4hwuRpgfe/PEPrQiJQ6J+812f+ZL3hxchyMwj5rcfAU0tMVrwKBdeZcfLhM7WsUZ4z11edOK4bCDkdLRUwCOdFp4emOCnQz+OFQNB7gRmGy+vmAe4z2E6MsGKI5JmqFF5g5RfYUPcLOsC0vuq9Kos2/bKuYl7YTUkJmIvxOEkbhiNpTD8yo4u/W+qWLZKRsZgvgTJ49QXYPsD7lXSCBmhypwfpEW6+2eIm5sqaN20RcIknW9ZISrT0KHi2oNdKrJIIGMtjyoeU4BrEcsNvDT9yLxM/Ztlhi7Hf6SL0ftN53SMHiv2LdsdpsArH8jSm7QIDAQABo4ICHzCCAhswDwYDVR0TAQH/BAUwAwEB/zAdBgNVHQ4EFgQUd6pp6VcdHdCS9zMc9xV9B7XomXswHwYDVR0jBBgwFoAUbKywsyXpTjVWMCm+YXmGJbjPRHswDgYDVR0PAQH/BAQDAgEGMFkGA1UdHwRSMFAwTqBMoEqGSHJzeW5jOi8vbG9jYWxob3N0L3JlcG8vdGEvMC82Q0FDQjBCMzI1RTk0RTM1NTYzMDI5QkU2MTc5ODYyNUI4Q0Y0NDdCLmNybDA8BggrBgEFBQcBAQQwMC4wLAYIKwYBBQUHMAKGIHJzeW5jOi8vbG9jYWxob3N0L3JlcG8vdGEvdGEuY2VyMIHVBggrBgEFBQcBCwSByDCBxTArBggrBgEFBQcwBYYfcnN5bmM6Ly9sb2NhbGhvc3QvcmVwby9jaGlsZC8wLzBXBggrBgEFBQcwCoZLcnN5bmM6Ly9sb2NhbGhvc3QvcmVwby9jaGlsZC8wLzc3QUE2OUU5NTcxRDFERDA5MkY3MzMxQ0Y3MTU3RDA3QjVFODk5N0IubWZ0MD0GCCsGAQUFBzANhjFodHRwczovL2xvY2FsaG9zdDozMDAwL3Rlc3QtcnJkcC9ub3RpZmljYXRpb24ueG1sMBgGA1UdIAEB/wQOMAwwCgYIKwYBBQUHDgIwLQYIKwYBBQUHAQcBAf8EHjAcMAsEAgABMAUDAwAKADANBAIAAjAHAwUAIAENuDANBgkqhkiG9w0BAQsFAAOCAQEAr3X0I58GF+kEeLCQCle/RhUojMMra86p0JPV9bMYEoc56oRTMxlQBc+cx8v6NRaHJeigObOZCg9MQL5Wh0sFl1u7Y1lknGLro03eJ9wyOP1k4h74VSJ2YP2rLaV6Q10YK/hRs86agdAVxr3WL3kFG8802VUBqF75JlVTHZ2WpsuaQ2BG2f8JBZUrghDGt+0/Sjit8UrANuECmHtEF5MGSs0nbgH7bn/vviRLUdWZKpxGsZ3SqgW2G/iGGVK6eJqXRjbtXEDwATIdodDVodEK/2yCwv6rEzIVtdw+b44GFNcOcHyalLGKR8HDu2RqiRcVsOjshuRwqJ/FdrDW8ifjAg=="
              }
            ],
            "removed": []
          }
        }
      }
    ]
  }
}