{
  "command": {
    "actor": "krill",
    "time": "2020-04-30T14:22:30.805630Z",
    "handle": "CA4",
    "version": 10,
    "sequence": 5,
    "details": {
      "type": "update_rcvd_cert",
      "resource_class_name": "1",
      "resources": {
        "asn": "",
        "v4": "10.1.0.0/24",
        "v6": ""
      }
    },
    "effect": {
      "result": "success",
      "events": [
        9
      ]
    }
  },
  "result": {
    "Events": [
      {
        "id": "CA4",
        "version": 9,
        "details": {
          "type": "key_pending_to_active",
          "resource_class_name": "1",
          "current_key": {
            "key_id": "33EF547F08298CEE8D3C6C41B24550496C5E3ED6",
            "incoming_cert": {
              "cert": "MIIFLTCCBBWgAwIBAgIUHRyvrl1wIWInNJmGJhACGxlcyPswDQYJKoZIhvcNAQELBQAwMzExMC8GA1UEAxMoQzM0QjU2QkVDQ0MwODkwODFDNzY1NjBFOEY3QTQxREIxQzA3ODE1MDAeFw0yMDA0MzAxNDE3MzBaFw0yMTA0MzAxNDIyMzBaMDMxMTAvBgNVBAMTKDMzRUY1NDdGMDgyOThDRUU4RDNDNkM0MUIyNDU1MDQ5NkM1RTNFRDYwggEiMA0GCSqGSIb3DQEBAQUAA4IBDwAwggEKAoIBAQCec8YN8Mtcyhk6bCZ/xE6zb/b1cOYz0LGqDvip+gnNGnKOobUfM5rprEkH8ZrFZt/YtwszoZ4ZwaZhGLvVi9iK49MIEp2pMHnBvWU+0KzDvrlDt21/uBoDxTO+Wd3zj15XJWSvtEAjIsnU11TwRwjLKo8P6aQvseJLM8YqGFkMWFmpFDPWCrb0o9L6uVcl+3fv0POhCc6OCHtz3UJMHhufogGCJu2tb20NP22ULDGSB8SbFE6JyyjwniaKi8kL9ohCJ5Vw1BGJmx9puj09j5lBdllMs+Q5+cz6lEtSxhm5jm1ssPiSLFk+sWyTD/VgZZ061hSFfm9DIHsMuBcZZFsxAgMBAAGjggI3MIICMzAPBgNVHRMBAf8EBTADAQH/MB0GA1UdDgQWBBQz71R/CCmM7o08bEGyRVBJbF4+1jAfBgNVHSMEGDAWgBTDS1a+zMCJCBx2Vg6PekHbHAeBUDAOBgNVHQ8BAf8EBAMCAQYwWgYDVR0fBFMwUTBPoE2gS4ZJcnN5bmM6Ly9sb2NhbGhvc3QvcmVwby9DQTMvMS9DMzRCNTZCRUNDQzA4OTA4MUM3NjU2MEU4RjdBNDFEQjFDMDc4MTUwLmNybDBlBggrBgEFBQcBAQRZMFcwVQYIKwYBBQUHMAKGSXJzeW5jOi8vbG9jYWxob3N0L3JlcG8vQ0EyLzAvQzM0QjU2QkVDQ0MwODkwODFDNzY1NjBFOEY3QTQxREIxQzA3ODE1MC5jZXIwgdEGCCsGAQUFBwELBIHEMIHBMCkGCCsGAQUFBzAFhh1yc3luYzovL2xvY2FsaG9zdC9yZXBvL0NBNC8xLzBVBggrBgEFBQcwCoZJcnN5bmM6Ly9sb2NhbGhvc3QvcmVwby9DQTQvMS8zM0VGNTQ3RjA4Mjk4Q0VFOEQzQzZDNDFCMjQ1NTA0OTZDNUUzRUQ2Lm1mdDA9BggrBgEFBQcwDYYxaHR0cHM6Ly9sb2NhbGhvc3Q6MzAwMC90ZXN0LXJyZHAvbm90aWZpY2F0aW9uLnhtbDAYBgNVHSABAf8EDjAMMAoGCCsGAQUFBw4CMB8GCCsGAQUFBwEHAQH/BBAwDjAMBAIAATAGAwQACgEAMA0GCSqGSIb3DQEBCwUAA4IBAQAr5og7Pd6Hb0CR+QCIJIYMzonb/Ea/y2GHgr4wruFU5vouGdSjWexT37pTv/b3on+OitBfOQzEU507IEEg3kapUb/ymdQ0/c+y863oSNf4X5eaMq5l59E3J/1X9hyLKF46OLIT+HMytu+nVflX/lSYj5jUVyPSjNgcA4PBpuUBNMQDDogXYXWbC3+s3BEUeaCADlIBrV4wHaUzd7nqX5dO6u8TigBfNP7SuWLpPRcOlfC9EFH0p1gPqNwWMaQGTMfrq36zEwy9RxZ6Zl/y3RI4A5btffkoHGmacRc45ZOfhEpQP+AkGs2GGSAKhcQ2rUiCHBQ18JehFMwVAJFZdPpL",
              "uri": "rsync://localhost/repo/CA3/1/33EF547F08298CEE8D3C6C41B24550496C5E3ED6.cer",
              "resources": {
                "asn": "",
                "v4": "10.1.0.0/24",
                "v6": ""
              }
            },
            "request": null
          }
        }
      }
    ]
  }
}