{
  "command": {
    "actor": "krill",
    "time": "2020-04-30T14:22:29.570365Z",
    "handle": "CA4",
    "version": 7,
    "sequence": 3,
    "details": {
      "type": "update_resource_entitlements",
      "parent": "CA3",
      "entitlements": [
        {
          "resource_class_name": "0",
          "resources": {
            "asn": "",
            "v4": "10.0.0.0/16",
            "v6": ""
          }
        },
        {
          "resource_class_name": "1",
          "resources": {
            "asn": "",
            "v4": "10.1.0.0/24",
            "v6": ""
          }
        }
      ]
    },
    "effect": {
      "result": "success",
      "events": [
        3,
        4,
        5,
        6
      ]
    }
  },
  "result": {
    "Events": [
      {
        "id": "CA4",
        "version": 3,
        "details": {
          "type": "resource_class_added",
          "resource_class_name": "0",
          "parent": "CA3",
          "parent_resource_class_name": "0",
          "pending_key": "AB90119164402C965DC5544B54E30B6A7014CDB6"
        }
      },
      {
        "id": "CA4",
        "version": 4,
        "details": {
          "type": "certificate_requested",
          "resource_class_name": "0",
          "req": {
            "class_name": "0",
            "limit": {
              "asn": "none",
              "v4": "none",
              "v6": "none"
            },
            "csr": "MIIDhzCCAm8CAQAwMzExMC8GA1UEAxMoQUI5MDExOTE2NDQwMkM5NjVEQzU1NDRCNTRFMzBCNkE3MDE0Q0RCNjCCASIwDQYJKoZIhvcNAQEBBQADggEPADCCAQoCggEBAKoa8cto6V6u3YpcdhnVC4lzuFTzPOEJ/06x/mclrd4A+gY5Tldl9+cM8KgJakAOdgFEdoivgxB2afUpqnW66aLXIcN466aMv91E4t/+Sa7h5U5d1l63rRfjlTn2eloxlvnYcYAIVjKQ0xD7wKtSliLVl1dqgttR/sb/Kqp4T+1+7b+UloU6RV9qNf+7Z9VQLQ8PieZvCa+q6mw7zBSeXhV2+0qPG2Ly2xAXR7p0o7z5NiaO7jkSnGIQUiorYj8VX8X4CgcioQ8VAF4ffIOM+uHELHXXjXrdl/3RXULPfXnfUeRKylR+cJQ+kHhU1fPeRDaV8uDIXL7PBvaVxQNbPbsCAwEAAaCCAQ0wggEJBgkqhkiG9w0BCQ4xgfswgfgwDwYDVR0TAQH/BAUwAwEB/zAOBgNVHQ8BAf8EBAMCAQYwgdQGCCsGAQUFBwELAQEABIHEMIHBMCkGCCsGAQUFBzAFhh1yc3luYzovL2xvY2FsaG9zdC9yZXBvL0NBNC8wLzBVBggrBgEFBQcwCoZJcnN5bmM6Ly9sb2NhbGhvc3QvcmVwby9DQTQvMC9BQjkwMTE5MTY0NDAyQzk2NURDNTU0NEI1NEUzMEI2QTcwMTRDREI2Lm1mdDA9BggrBgEFBQcwDYYxaHR0cHM6Ly9sb2NhbGhvc3Q6MzAwMC90ZXN0LXJyZHAvbm90aWZpY2F0aW9uLnhtbDANBgkqhkiG9w0BAQsFAAOCAQEAj2eAeiQ5Dd+iW9cDjQTfV/6kR0KZVpMDJAkiu853YfHTzHdZnRoJJsn7yjRVKmdFgfZpvs2dxh4QRpEz5acuWB3+tvV9K3VsaJw+8eQRrIICQjvt7z/oRwS1Pj/fLSSNzuffldmriq9+mW8uSDB3h8kpHalO/S0DvvzPqdCz7IwGCHmm52XjlwtVasu7c1VhJCZWz2jlVAUh6gI7/7QezFolbiJOBXRlvC4RjIsLzma0OWI5Pb8QCNXW7zTcwj7w1QCjWjoIRllCasC2LTR07i08/rINhy6q8pgWmVhhNy/yvjXuyOWtnrNcYPwQYBRPo2ic9uo7F90wuXxB5ysZPg=="
          },
          "ki": "AB90119164402C965DC5544B54E30B6A7014CDB6"
        }
      },
      {
        "id": "CA4",
        "version": 5,
        "details": {
          "type": "resource_class_added",
          "resource_class_name": "1",
          "parent": "CA3",
          "parent_resource_class_name": "1",
          "pending_key": "33EF547F08298CEE8D3C6C41B24550496C5E3ED6"
        }
      },
      {
        "id": "CA4",
        "version": 6,
        "details": {
          "type": "certificate_requested",
          "resource_class_name": "1",
          "req": {
            "class_name": "1",
            "limit": {
              "asn": "none",
              "v4": "none",
              "v6": "none"
            },
            "csr": "MIIDhzCCAm8CAQAwMzExMC8GA1UEAxMoMzNFRjU0N0YwODI5OENFRThEM0M2QzQxQjI0NTUwNDk2QzVFM0VENjCCASIwDQYJKoZIhvcNAQEBBQADggEPADCCAQoCggEBAJ5zxg3wy1zKGTpsJn/ETrNv9vVw5jPQsaoO+Kn6Cc0aco6htR8zmumsSQfxmsVm39i3CzOhnhnBpmEYu9WL2Irj0wgSnakwecG9ZT7QrMO+uUO3bX+4GgPFM75Z3fOPXlclZK+0QCMiydTXVPBHCMsqjw/ppC+x4kszxioYWQxYWakUM9YKtvSj0vq5VyX7d+/Q86EJzo4Ie3PdQkweG5+iAYIm7a1vbQ0/bZQsMZIHxJsUTonLKPCeJoqLyQv2iEInlXDUEYmbH2m6PT2PmUF2WUyz5Dn5zPqUS1LGGbmObWyw+JIsWT6xbJMP9WBlnTrWFIV+b0Mgewy4FxlkWzECAwEAAaCCAQ0wggEJBgkqhkiG9w0BCQ4xgfswgfgwDwYDVR0TAQH/BAUwAwEB/zAOBgNVHQ8BAf8EBAMCAQYwgdQGCCsGAQUFBwELAQEABIHEMIHBMCkGCCsGAQUFBzAFhh1yc3luYzovL2xvY2FsaG9zdC9yZXBvL0NBNC8xLzBVBggrBgEFBQcwCoZJcnN5bmM6Ly9sb2NhbGhvc3QvcmVwby9DQTQvMS8zM0VGNTQ3RjA4Mjk4Q0VFOEQzQzZDNDFCMjQ1NTA0OTZDNUUzRUQ2Lm1mdDA9BggrBgEFBQcwDYYxaHR0cHM6Ly9sb2NhbGhvc3Q6MzAwMC90ZXN0LXJyZHAvbm90aWZpY2F0aW9uLnhtbDANBgkqhkiG9w0BAQsFAAOCAQEAUE4gy1Yvk0Sv04Y2YVn9yqZTogwW3t5AXqHRnJQlnKN2KKVuO9ZIMEEPVviiYDRYvkbqq6+ZGjyc0GYE61LMqwSyeHActH6xlTACb9V3G8kGBaERvyuzBok9DVesfESxgxn79TvA082ByhwrDzyMXoL65FgXmz9AakEj//l/QNiLkrdaYwqWawm4ViAiKNIsA0Q9a/+js9nGh+NCyVLk5cfdQtjNV6q1If6j6MIcMgexPxlwyxgm8eIy0avzfJgO1PkQrrpUTbQyufd54hP6P/xoyr+3B9HOi9yEFZc3LtA5YnRFhqgQ/I5/i8gwguNhoQMeITrsR+sFsWTz8AA0Cg=="
          },
          "ki": "33EF547F08298CEE8D3C6C41B24550496C5E3ED6"
        }
      }
    ]
  }
}