{
  "command": {
    "actor": "krill",
    "time": "2020-04-30T14:22:24.892582Z",
    "handle": "CA3",
    "version": 3,
    "sequence": 2,
    "details": {
      "type": "add_parent",
      "parent": "CA1",
      "contact": "rfc6492"
    },
    "effect": {
      "result": "success",
      "events": [
        2
      ]
    }
  },
  "result": {
    "Events": [
      {
        "id": "CA3",
        "version": 2,
        "details": {
          "type": "parent_added",
          "parent": "CA1",
          "contact": {
            "type": "rfc6492",
            "tag": null,
            "id_cert": "MIIDOjCCAiKgAwIBAgIBATANBgkqhkiG9w0BAQsFADAzMTEwLwYDVQQDEyg4QThCQ0U3RUQyODE4OTg1QzFDNzQ5QkRBOUUyRjg4RjM3NTkyNDAwMB4XDTIwMDQzMDE0MTcyMFoXDTM1MDQzMDE0MjIyMFowMzExMC8GA1UEAxMoOEE4QkNFN0VEMjgxODk4NUMxQzc0OUJEQTlFMkY4OEYzNzU5MjQwMDCCASIwDQYJKoZIhvcNAQEBBQADggEPADCCAQoCggEBALxJq4jkNBXC3Ad3YTIuzxz5nPwvyR3HmsFXsUOWfcy3ulstBiW34PBKmAtUYKCQqlxfl0RNOdBV09SOEc/j+1NeaOdcQon9icbdtojHNxYWnFqRPhY6U8En2diECXBqO7AU+5yZqFrLyOz0Hfm1+Lj5t7qv2j/2KSoAHXYzNN6S+NNJnkrkeRU0DLrWcBikuZ+DrRFWVIvFyJftbFTtkZqA8D2U5pVYGTEjQ0RZbT26jgGUyMvv1bbbPYmS47jumUIBy3dJ19soHBQ2CDZfjPsJGWEKXsI8Sl1e/+BUijl0xAn54Xhce35tJ/405XtUhmtFLvQmHhOSEBt2Da+JipsCAwEAAaNZMFcwDwYDVR0TAQH/BAUwAwEB/zAgBgNVHQ4BAQAEFgQUiovOftKBiYXBx0m9qeL4jzdZJAAwIgYDVR0jAQEABBgwFoAUiovOftKBiYXBx0m9qeL4jzdZJAAwDQYJKoZIhvcNAQELBQADggEBAJmRh3/PkWj9H8ea2kVFBiQtM8oY3z8xTH/smxUcATDPRaGXonDk5eCzBxkuyhiDW0tK+FLBTL6uJSkLMkr+lAz9VPS1Jngu8uhv1SCm3cywI1TDi9eJgi7UXfCM0q7i/al9yD96xKBvC7h8G2ZtOs565Tufi219mLHkS9dv+Ui8yIVjj4V7HFGiymwUqiRnLsuS48n70XbJILLPFSpdxNE5bqBRjKaa/l+5mjRvnzBzejUFHTx9j4EXmZJLjXYUJki9NiKSt/J22RXWPxLcL39g4Yih7/zxyBS4VHs5WhcRX3RmJ4yFJCRrz9Ugni0RkTnUhl4Q83SrjZD1sV3ix2Y=",
            "parent_handle": "CA1",
            "child_handle": "CA3",
            "service_uri": "https://localhost:3000/rfc6492/CA1"
          }
        }
      }
    ]
  }
}