{
  "offset": 0,
  "total": 11,
  "commands": [
    {
      "key": "command--1588256544--1--cmd-ca-repo-update",
      "actor": "krill",
      "timestamp": 1588256544635,
      "handle": "CA3",
      "version": 2,
      "sequence": 1,
      "summary": {
        "msg": "Update repo to embedded server",
        "label": "cmd-ca-repo-update",
        "args": {}
      },
      "effect": {
        "result": "success",
        "events": [
          1
        ]
      }
    },
    {
      "key": "command--1588256544--2--cmd-ca-parent-add",
      "actor": "krill",
      "timestamp": 1588256544892,
      "handle": "CA3",
      "version": 3,
      "sequence": 2,
      "summary": {
        "msg": "Add parent 'CA1' as 'RFC 6492 Parent'",
        "label": "cmd-ca-parent-add",
        "args": {
          "parent": "CA1",
          "parent_contact": "RFC 6492 Parent"
        }
      },
      "effect": {
        "result": "success",
        "events": [
          2
        ]
      }
    },
    {
      "key": "command--1588256545--3--cmd-ca-parent-entitlements",
      "actor": "krill",
      "timestamp": 1588256545381,
      "handle": "CA3",
      "version": 5,
      "sequence": 3,
      "summary": {
        "msg": "Update entitlements under parent 'CA1': 0 => asn: , v4: 10.0.0.0/16, v6:  ",
        "label": "cmd-ca-parent-entitlements",
        "args": {
          "parent": "CA1"
        }
      },
      "effect": {
        "result": "success",
        "events": [
          3,
          4
        ]
      }
    },
    {
      "key": "command--1588256545--4--cmd-ca-parent-entitlements",
      "actor": "krill",
      "timestamp": 1588256545622,
      "handle": "CA3",
      "version": 6,
      "sequence": 4,
      "summary": {
        "msg": "Update entitlements under parent 'CA1': 0 => asn: , v4: 10.0.0.0/16, v6:  ",
        "label": "cmd-ca-parent-entitlements",
        "args": {
          "parent": "CA1"
        }
      },
      "effect": {
        "result": "success",
        "events": [
          5
        ]
      }
    },
    {
      "key": "command--1588256546--5--cmd-ca-rcn-receive",
      "actor": "krill",
      "timestamp": 1588256546082,
      "handle": "CA3",
      "version": 7,
      "sequence": 5,
      "summary": {
        "msg": "Update received cert in RC '0', with resources 'asn: 0 blocks, v4: 1 blocks, v6: 0 blocks'",
        "label": "cmd-ca-rcn-receive",
        "args": {
          "asn_blocks": "0",
          "class_name": "0",
          "ipv4_blocks": "1",
          "ipv6_blocks": "0",
          "resources": "asn: , v4: 10.0.0.0/16, v6: "
        }
      },
      "effect": {
        "result": "success",
        "events": [
          6
        ]
      }
    },
    {
      "key": "command--1588256546--6--cmd-ca-parent-add",
      "actor": "krill",
      "timestamp": 1588256546431,
      "handle": "CA3",
      "version": 8,
      "sequence": 6,
      "summary": {
        "msg": "Add parent 'CA2' as 'RFC 6492 Parent'",
        "label": "cmd-ca-parent-add",
        "args": {
          "parent": "CA2",
          "parent_contact": "RFC 6492 Parent"
        }
      },
      "effect": {
        "result": "success",
        "events": [
          7
        ]
      }
    },
    {
      "key": "command--1588256547--7--cmd-ca-parent-entitlements",
      "actor": "krill",
      "timestamp": 1588256547447,
      "handle": "CA3",
      "version": 10,
      "sequence": 7,
      "summary": {
        "msg": "Update entitlements under parent 'CA2': 0 => asn: , v4: 10.1.0.0/24, v6:  ",
        "label": "cmd-ca-parent-entitlements",
        "args": {
          "parent": "CA2"
        }
      },
      "effect": {
        "result": "success",
        "events": [
          8,
          9
        ]
      }
    },
    {
      "key": "command--1588256547--8--cmd-ca-rcn-receive",
      "actor": "krill",
      "timestamp": 1588256547697,
      "handle": "CA3",
      "version": 11,
      "sequence": 8,
      "summary": {
        "msg": "Update received cert in RC '1', with resources 'asn: 0 blocks, v4: 1 blocks, v6: 0 blocks'",
        "label": "cmd-ca-rcn-receive",
        "args": {
          "asn_blocks": "0",
          "class_name": "1",
          "ipv4_blocks": "1",
          "ipv6_blocks": "0",
          "resources": "asn: , v4: 10.1.0.0/24, v6: "
        }
      },
      "effect": {
        "result": "success",
        "events": [
          10
        ]
      }
    },
    {
      "key": "command--1588256548--9--cmd-ca-child-add",
      "actor": "krill",
      "timestamp": 1588256548722,
      "handle": "CA3",
      "version": 12,
      "sequence": 9,
      "summary": {
        "msg": "Add child 'CA4' with RFC8183 key '73bb5e3510c1c4b1d8cb69c1c6f2008cd8170314' and resources 'asn: 0 blocks, v4: 1 blocks, v6: 0 blocks'",
        "label": "cmd-ca-child-add",
        "args": {
          "asn_blocks": "0",
          "child": "CA4",
          "id_key": "73bb5e3510c1c4b1d8cb69c1c6f2008cd8170314",
          "ipv4_blocks": "1",
          "ipv6_blocks": "0",
          "resources": "asn: , v4: 10.0.0.0-10.1.0.255, v6: "
        }
      },
      "effect": {
        "result": "success",
        "events": [
          11
        ]
      }
    },
    {
      "key": "command--1588256550--10--cmd-ca-child-certify",
      "actor": "krill",
      "timestamp": 1588256550040,
      "handle": "CA3",
      "version": 14,
      "sequence": 10,
      "summary": {
        "msg": "Issue certificate to child 'CA4' for key 'AB90119164402C965DC5544B54E30B6A7014CDB6'",
        "label": "cmd-ca-child-certify",
        "args": {
          "child": "CA4",
          "class_name": "0",
          "key": "AB90119164402C965DC5544B54E30B6A7014CDB6"
        }
      },
      "effect": {
        "result": "success",
        "events": [
          12,
          13
        ]
      }
    },
    {
      "key": "command--1588256550--11--cmd-ca-child-certify",
      "actor": "krill",
      "timestamp": 1588256550525,
      "handle": "CA3",
      "version": 16,
      "sequence": 11,
      "summary": {
        "msg": "Issue certificate to child 'CA4' for key '33EF547F08298CEE8D3C6C41B24550496C5E3ED6'",
        "label": "cmd-ca-child-certify",
        "args": {
          "child": "CA4",
          "class_name": "1",
          "key": "33EF547F08298CEE8D3C6C41B24550496C5E3ED6"
        }
      },
      "effect": {
        "result": "success",
        "events": [
          14,
          15
        ]
      }
    }
  ]
}