{
  "command": {
    "actor": "krill",
    "time": "2020-04-30T14:22:22.395193Z",
    "handle": "CA2",
    "version": 3,
    "sequence": 2,
    "details": {
      "type": "add_parent",
      "parent": "ta",
      "contact": "rfc6492"
    },
    "effect": {
      "result": "success",
      "events": [
        2
      ]
    }
  },
  "result": {
    "Events": [
      {
        "id": "CA2",
        "version": 2,
        "details": {
          "type": "parent_added",
          "parent": "ta",
          "contact": {
            "type": "rfc6492",
            "tag": null,
            "id_cert": "MIIDOjCCAiKgAwIBAgIBATANBgkqhkiG9w0BAQsFADAzMTEwLwYDVQQDEyhDN0Q0NkM3MkE0MDQ3QTIwNTI5RjczNEQ4NzFGMzY5RjgxQzRGMDAxMB4XDTIwMDQzMDE0MTcxOVoXDTM1MDQzMDE0MjIxOVowMzExMC8GA1UEAxMoQzdENDZDNzJBNDA0N0EyMDUyOUY3MzREODcxRjM2OUY4MUM0RjAwMTCCASIwDQYJKoZIhvcNAQEBBQADggEPADCCAQoCggEBAOOjCMp/iQh/Rb0KxKkWkjl6CpDCFAjTY+vPY7ytYb8KwlYMmRDDrQEwz6ICJMzzVuIg+6r/++1KP5umi/qEjGEfUh9cK28Bp+jvurzBQQFWijYQyMel9f6ouA5DfPGEB/5e7hJjVP7vzu+csgMKvIMpF0EJj3NIWrlgvJBU0CpW7QFyYMQULcZ15ULhifkl+hdumu/dQGcySv3bfdlssDmgx+O8YXjT0lqa/D0MI2Xsemh/ALjiZGUUkw5qVkSXj5u/78dmmDwxhGC32wX6eVm5aZzcOsgjCF4u2D+hUrlU4DhsFHAYAna23pmjpjv/Bdax121j6vG1IT8zqkAPGjECAwEAAaNZMFcwDwYDVR0TAQH/BAUwAwEB/zAgBgNVHQ4BAQAEFgQUx9RscqQEeiBSn3NNhx82n4HE8AEwIgYDVR0jAQEABBgwFoAUx9RscqQEeiBSn3NNhx82n4HE8AEwDQYJKoZIhvcNAQELBQADggEBACug6dWHnP/VsO97xxzCyNqYSVA52Fgv5qOvV+ARol4ZGVtldYcS5OZYm17dkRa4nXzIxbHVLtGMGnB1zBXtOFBaKqrBZ56f1Uz0NG41nKZszpYEriXlr93V1yGVcw6LyDI7bI/TwKDb+tAffT+UJa55H+ODQ0UQXdrjBeHdDKPsgYFisj80mXtaklpfRyRKCwRdLevZT4U9cWP4Q6AsooWYcTTITgCsopjnUeAPuOgScbAdWhlswTSS5cOiUjbrrcNst1oe7CXSPKhGq3U3po/p6DzQpJE0nC5zhm1XN8XsxZJ0535+hfp2MKiqu9PMxVAKPNRMdbOtZVF+5umCGj4=",
            "parent_handle": "ta",
            "child_handle": "CA2",
            "service_uri": "https://localhost:3000/rfc6492/ta"
          }
        }
      }
    ]
  }
}