{
  "command": {
    "actor": "krill",
    "time": "2020-04-30T14:22:23.539249Z",
    "handle": "CA2",
    "version": 6,
    "sequence": 4,
    "details": {
      "type": "update_resource_entitlements",
      "parent": "ta",
      "entitlements": [
        {
          "resource_class_name": "0",
          "resources": {
            "asn": "",
            "v4": "10.1.0.0/16",
            "v6": ""
          }
        }
      ]
    },
    "effect": {
      "result": "success",
      "events": [
        5
      ]
    }
  },
  "result": {
    "Events": [
      {
        "id": "CA2",
        "version": 5,
        "details": {
          "type": "certificate_requested",
          "resource_class_name": "0",
          "req": {
            "class_name": "0",
            "limit": {
              "asn": "none",
              "v4": "none",
              "v6": "none"
            },
            "csr": "MIIDhzCCAm8CAQAwMzExMC8GA1UEAxMoRkU3ODA1QjhGMEMxNkEwQkY5M0I2Q0M4RTUzRDU3RDM5RDg1NjAxODCCASIwDQYJKoZIhvcNAQEBBQADggEPADCCAQoCggEBAObVeHcPiqfHbwu7rPke7xMXVLPWVzg77fHnMcaynTLSnuneEvBurJp1IlbjiyoxOjes94i2mWFuH3D9KbrB3oFzz+NQWYwao2dQeg20l30cc0iSIMaG7LvQzKW/2xeAlsZO6LsTVHlq6bQVoRdv/Lwz2+70YQg+1APbTRQizNYn+rh52lpdE89zPVCzKxw4H5PdCtyC7l3/adEgG2Ve08vwT32mcF6PFTg9RtjMfTEE2qDOq/mf87TWoWB70eAQvZH/mlmqA2IPH2znTK2Insc9VS44XmqZYBxKx9r1jewdAkOqFwlVmaq785bTEaGTQGZyTChuNaMgEvdMOpSH+j0CAwEAAaCCAQ0wggEJBgkqhkiG9w0BCQ4xgfswgfgwDwYDVR0TAQH/BAUwAwEB/zAOBgNVHQ8BAf8EBAMCAQYwgdQGCCsGAQUFBwELAQEABIHEMIHBMCkGCCsGAQUFBzAFhh1yc3luYzovL2xvY2FsaG9zdC9yZXBvL0NBMi8wLzBVBggrBgEFBQcwCoZJcnN5bmM6Ly9sb2NhbGhvc3QvcmVwby9DQTIvMC9GRTc4MDVCOEYwQzE2QTBCRjkzQjZDQzhFNTNENTdEMzlEODU2MDE4Lm1mdDA9BggrBgEFBQcwDYYxaHR0cHM6Ly9sb2NhbGhvc3Q6MzAwMC90ZXN0LXJyZHAvbm90aWZpY2F0aW9uLnhtbDANBgkqhkiG9w0BAQsFAAOCAQEAbu0ruUpyE9EnkYseaZPlgCEdyBLJKqG3Tf/LTPkXH2WcbEjWzFwGb++mh8DYoWU32ARsnqyBuN4bHqrpWValWxNKaZ4aypSGxdK8Fy9Sr5FZp6nvz5xQHkHAz7uGhK7NE6HA6LP0vFiBBNxPqfOAZLFaS0fHe6/Bdpcqm9LsJ6cj+rqu6YsjKCM3Jhs7f1b6Gbu0fl1V6YD0h7dEHtN1EEMy7eGA79pCXlLVEeBvfzdNTqoVId36wI/G3rk6lU5hmjGwmDiVUpngHC+aio9k7O8LPotNaiZ9/ur3Q5NSNSUfkjrcOgQ6AOMsqY288uI4/S1k5vC9l/yiGrRW1EU9JQ=="
          },
          "ki": "FE7805B8F0C16A0BF93B6CC8E53D57D39D856018"
        }
      }
    ]
  }
}