{
  "command": {
    "actor": "krill",
    "time": "2020-04-30T14:22:27.553887Z",
    "handle": "CA2",
    "version": 10,
    "sequence": 7,
    "details": {
      "type": "child_certify",
      "child": "CA3",
      "resource_class_name": "0",
      "limit": {
        "asn": "none",
        "v4": "none",
        "v6": "none"
      },
      "ki": "C34B56BECCC089081C76560E8F7A41DB1C078150"
    },
    "effect": {
      "result": "success",
      "events": [
        8,
        9
      ]
    }
  },
  "result": {
    "Events": [
      {
        "id": "CA2",
        "version": 8,
        "details": {
          "type": "child_certificate_issued",
          "child": "CA3",
          "resource_class_name": "0",
          "ki": "C34B56BECCC089081C76560E8F7A41DB1C078150"
        }
      },
      {
        "id": "CA2",
        "version": 9,
        "details": {
          "type": "child_certificates_updated",
          "resource_class_name": "0",
          "updates": {
            "issued": [
              {
                "uri": "rsync://localhost/repo/CA2/0/C34B56BECCC089081C76560E8F7A41DB1C078150.cer",
                "limit": {
                  "asn": "none",
                  "v4": "none",
                  "v6": "none"
                },
                "resource_set": {
                  "asn": "",
                  "v4": "10.1.0.0/24",
                  "v6": ""
                },
                "cert": "MIIFLDCCBBSgAwIBAgIUeJ6JoCY490BQOjob2xztOHMY4PswDQYJKoZIhvcNAQELBQAwMzExMC8GA1UEAxMoRkU3ODA1QjhGMEMxNkEwQkY5M0I2Q0M4RTUzRDU3RDM5RDg1NjAxODAeFw0yMDA0MzAxNDE3MjdaFw0yMTA0MzAxNDIyMjdaMDMxMTAvBgNVBAMTKEMzNEI1NkJFQ0NDMDg5MDgxQzc2NTYwRThGN0E0MURCMUMwNzgxNTAwggEiMA0GCSqGSIb3DQEBAQUAA4IBDwAwggEKAoIBAQDGN7/UMBpjTFvZJyu/IlzyT43Jz16Ewy3XSNz3eGFEmXmZczasX3kD1baD3qlFJKjFoMKLFQ5Saw6KnFgQ3FjGINYLFKBYQwVuvWNxhAXJ7BQfoK2X/KoJ0lg4lceNec9HObrg6IPjiwj68pLiEm4F43rS67o2AyAQvf5RYnkWdLDE1vs1dQ0R3SIv0NJim5VSZbaH9kq8R1+IkI2JT/NrbywcSun0pF+WPX96g6A48cguA6b8qD2F2SqIiTZFt90UM/x0LIJlwcJ4ISrdBbiY7nRjfoMBetMb3OPeo4AHicHhKqOH4YGS3Ja5vExWLqKPiq5LZjo3nHZmbeRj7u8xAgMBAAGjggI2MIICMjAPBgNVHRMBAf8EBTADAQH/MB0GA1UdDgQWBBTDS1a+zMCJCBx2Vg6PekHbHAeBUDAfBgNVHSMEGDAWgBT+eAW48MFqC/k7bMjlPVfTnYVgGDAOBgNVHQ8BAf8EBAMCAQYwWgYDVR0fBFMwUTBPoE2gS4ZJcnN5bmM6Ly9sb2NhbGhvc3QvcmVwby9DQTIvMC9GRTc4MDVCOEYwQzE2QTBCRjkzQjZDQzhFNTNENTdEMzlEODU2MDE4LmNybDBkBggrBgEFBQcBAQRYMFYwVAYIKwYBBQUHMAKGSHJzeW5jOi8vbG9jYWxob3N0L3JlcG8vdGEvMC9GRTc4MDVCOEYwQzE2QTBCRjkzQjZDQzhFNTNENTdEMzlEODU2MDE4LmNlcjCB0QYIKwYBBQUHAQsEgcQwgcEwKQYIKwYBBQUHMAWGHXJzeW5jOi8vbG9jYWxob3N0L3JlcG8vQ0EzLzEvMFUGCCsGAQUFBzAKhklyc3luYzovL2xvY2FsaG9zdC9yZXBvL0NBMy8xL0MzNEI1NkJFQ0NDMDg5MDgxQzc2NTYwRThGN0E0MURCMUMwNzgxNTAubWZ0MD0GCCsGAQUFBzANhjFodHRwczovL2xvY2FsaG9zdDozMDAwL3Rlc3QtcnJkcC9ub3RpZmljYXRpb24ueG1sMBgGA1UdIAEB/wQOMAwwCgYIKwYBBQUHDgIwHwYIKwYBBQUHAQcBAf8EEDAOMAwEAgABMAYDBAAKAQAwDQYJKoZIhvcNAQELBQADggEBAMuVarsxcZm8jxcaKGkZUvfhZs3rEjNgF4RF5/tm6v1RF4SV3G1IKDJiVegElApw8DpnsmO2a0pdtA0b3LIIb+06+InYciNfOEydfBhF+sulEshdyoLCMfHJVfgIS88+nS1bxkG0ODsK7kDfeAJ52H5E+kn2a2eauf4zqXsHT76B4fxSx9EbW85iDlYYdLFtjIT187y1fqIuomUcEy1h9QsGoWn1ngluJee/lP0AehgwP92QXHZ3CfUTSo9hc1q+wds5exLaZMJSHNaf3gi/8sQv79kI5mJR6V1ipy99YewtWyseQITemN5xJqNlr+WezMAPsmVr0GUGzXUWXTgEt6Y="
              }
            ],
            "removed": []
          }
        }
      }
    ]
  }
}